19:22:06 **** Incremental Build of configuration Debug for project hw_fir ****
make pre-build main-build 
a9-linaro-pre-build-step
' '
'Building file: ../src/app_template.c'
'Invoking: ARM v7 gcc compiler'
arm-none-eabi-gcc -Wall -O0 -g3 -c -fmessage-length=0 -MT"src/app_template.o" -mcpu=cortex-a9 -mfpu=neon -mfloat-abi=hard -std=c99 -mvectorize-with-neon-quad -ftree-vectorize -I../../hw_fir_bsp/ps7_cortexa9_0/include -MMD -MP -MF"src/app_template.d" -MT"src/app_template.o" -o "src/app_template.o" "../src/app_template.c"
In file included from ../src/app_template.c:8:
../../hw_fir_bsp/ps7_cortexa9_0/include/xtime_l.h:87:9: note: #pragma message: For the sleep routines, Global timer is being used
 #pragma message ("For the sleep routines, Global timer is being used")
         ^~~~~~~
../src/app_template.c:65:8: error: flexible array member not at end of struct
   DATA weights[];
        ^~~~~~~
../src/app_template.c:71:38: warning: initialization of 'short int' from 'int (*)[64]' makes integer from pointer without a cast [-Wint-conversion]
 layer test_layer0 = {64, &weights_0, &bias_0};
                                      ^
../src/app_template.c:71:38: note: (near initialization for 'test_layer0.bias[0]')
../src/app_template.c:71:38: error: initializer element is not computable at load time
../src/app_template.c:71:38: note: (near initialization for 'test_layer0.bias[0]')
../src/app_template.c:72:38: warning: initialization of 'short int' from 'int (*)[32]' makes integer from pointer without a cast [-Wint-conversion]
 layer test_layer1 = {32, &weights_1, &bias_1};
                                      ^
../src/app_template.c:72:38: note: (near initialization for 'test_layer1.bias[0]')
../src/app_template.c:72:38: error: initializer element is not computable at load time
../src/app_template.c:72:38: note: (near initialization for 'test_layer1.bias[0]')
../src/app_template.c:73:38: warning: initialization of 'short int' from 'int (*)[10]' makes integer from pointer without a cast [-Wint-conversion]
 layer test_layer2 = {10, &weights_2, &bias_2};
                                      ^
../src/app_template.c:73:38: note: (near initialization for 'test_layer2.bias[0]')
../src/app_template.c:73:38: error: initializer element is not computable at load time
../src/app_template.c:73:38: note: (near initialization for 'test_layer2.bias[0]')
../src/app_template.c: In function 'main':
../src/app_template.c:105:12: warning: implicit declaration of function 'processImage' [-Wimplicit-function-declaration]
   result = processImage(&test_images[i]);
            ^~~~~~~~~~~~
../src/app_template.c:126:20: error: too many arguments to function 'malloc'
  layer layers[3] = malloc(sizeof(layer) * 3, sizeof(DATA) * (64+32+10+50176+2048+320));
                    ^~~~~~
In file included from ../src/app_template.c:2:
d:\programme\xilinx\sdk\2019.1\gnu\aarch32\nt\gcc-arm-none-eabi\arm-none-eabi\libc\usr\include\stdlib.h:104:8: note: declared here
 void * malloc (size_t __size) _NOTHROW;
        ^~~~~~
../src/app_template.c:126:20: error: invalid initializer
  layer layers[3] = malloc(sizeof(layer) * 3, sizeof(DATA) * (64+32+10+50176+2048+320));
                    ^~~~~~
../src/app_template.c:129:12: error: 'layer' {aka 'struct <anonymous>'} has no member named 'neuron'; did you mean 'neurons'?
  layers[0].neuron = 64;
            ^~~~~~
            neurons
../src/app_template.c:131:2: warning: implicit declaration of function 'readBias' [-Wimplicit-function-declaration]
  readBias(layers[0].bias, 64);
  ^~~~~~~~
../src/app_template.c:138:3: warning: implicit declaration of function 'readImage' [-Wimplicit-function-declaration]
   readImage(&image, image_size);
   ^~~~~~~~~
../src/app_template.c:124:6: warning: unused variable 'weights2_num' [-Wunused-variable]
  int weights2_num = 320;
      ^~~~~~~~~~~~
../src/app_template.c:123:6: warning: unused variable 'weights_1_num' [-Wunused-variable]
  int weights_1_num = 2048;
      ^~~~~~~~~~~~~
../src/app_template.c:122:6: warning: unused variable 'weights0_num' [-Wunused-variable]
  int weights0_num = 50176;
      ^~~~~~~~~~~~
../src/app_template.c:121:6: warning: unused variable 'bias2_num' [-Wunused-variable]
  int bias2_num = 10;
      ^~~~~~~~~
../src/app_template.c:120:6: warning: unused variable 'bias1_num' [-Wunused-variable]
  int bias1_num = 32;
      ^~~~~~~~~
../src/app_template.c:119:6: warning: unused variable 'bias0_num' [-Wunused-variable]
  int bias0_num = 64;
      ^~~~~~~~~
../src/app_template.c: At top level:
../src/app_template.c:148:6: warning: conflicting types for 'readBias'
 void readBias(DATA * pBias, int len){
      ^~~~~~~~
../src/app_template.c:131:2: note: previous implicit declaration of 'readBias' was here
  readBias(layers[0].bias, 64);
  ^~~~~~~~
../src/app_template.c: In function 'readBias':
../src/app_template.c:149:24: error: expected expression before 'int'
  for(int i=0; i < len, int len){
                        ^~~
../src/app_template.c:149:22: warning: left-hand operand of comma expression has no effect [-Wunused-value]
  for(int i=0; i < len, int len){
                      ^
../src/app_template.c:150:14: error: 'readDATAfrom' undeclared (first use in this function); did you mean 'readDATAfromUART'?
   pBias[i] = readDATAfrom UART();
              ^~~~~~~~~~~~
              readDATAfromUART
../src/app_template.c:150:14: note: each undeclared identifier is reported only once for each function it appears in
../src/app_template.c:150:26: error: expected ';' before 'UART'
   pBias[i] = readDATAfrom UART();
                          ^~~~~
                          ;
../src/app_template.c: At top level:
../src/app_template.c:154:6: warning: conflicting types for 'readImage'
 void readImage(DATA * image, int size){
      ^~~~~~~~~
../src/app_template.c:138:3: note: previous implicit declaration of 'readImage' was here
   readImage(&image, image_size);
   ^~~~~~~~~
../src/app_template.c: In function 'resultsProcessing':
../src/app_template.c:232:7: warning: variable 'max_i' set but not used [-Wunused-but-set-variable]
   int max_i;
       ^~~~~
../src/app_template.c:223:8: warning: unused variable 'labels' [-Wunused-variable]
  char *labels[10]={"digit 0", "digit 1", "digit 2", "digit 3", "digit 4", "digit 5", "digit 6", "digit 7", "digit 8", "digit 9"};
        ^~~~~~
make: *** [src/subdir.mk:29: src/app_template.o] Error 1
19:23:16 **** Auto Build of configuration Debug for project hw_fir ****
make pre-build main-build 
a9-linaro-pre-build-step
' '
'Building file: ../src/app_template.c'
'Invoking: ARM v7 gcc compiler'
arm-none-eabi-gcc -Wall -O0 -g3 -c -fmessage-length=0 -MT"src/app_template.o" -mcpu=cortex-a9 -mfpu=neon -mfloat-abi=hard -std=c99 -mvectorize-with-neon-quad -ftree-vectorize -I../../hw_fir_bsp/ps7_cortexa9_0/include -MMD -MP -MF"src/app_template.d" -MT"src/app_template.o" -o "src/app_template.o" "../src/app_template.c"
In file included from ../src/app_template.c:8:
../../hw_fir_bsp/ps7_cortexa9_0/include/xtime_l.h:87:9: note: #pragma message: For the sleep routines, Global timer is being used
 #pragma message ("For the sleep routines, Global timer is being used")
         ^~~~~~~
../src/app_template.c:65:8: error: flexible array member not at end of struct
   DATA weights[];
        ^~~~~~~
../src/app_template.c:71:38: warning: initialization of 'short int' from 'int (*)[64]' makes integer from pointer without a cast [-Wint-conversion]
 layer test_layer0 = {64, &weights_0, &bias_0};
                                      ^
../src/app_template.c:71:38: note: (near initialization for 'test_layer0.bias[0]')
../src/app_template.c:71:38: error: initializer element is not computable at load time
../src/app_template.c:71:38: note: (near initialization for 'test_layer0.bias[0]')
../src/app_template.c:72:38: warning: initialization of 'short int' from 'int (*)[32]' makes integer from pointer without a cast [-Wint-conversion]
 layer test_layer1 = {32, &weights_1, &bias_1};
                                      ^
../src/app_template.c:72:38: note: (near initialization for 'test_layer1.bias[0]')
../src/app_template.c:72:38: error: initializer element is not computable at load time
../src/app_template.c:72:38: note: (near initialization for 'test_layer1.bias[0]')
../src/app_template.c:73:38: warning: initialization of 'short int' from 'int (*)[10]' makes integer from pointer without a cast [-Wint-conversion]
 layer test_layer2 = {10, &weights_2, &bias_2};
                                      ^
../src/app_template.c:73:38: note: (near initialization for 'test_layer2.bias[0]')
../src/app_template.c:73:38: error: initializer element is not computable at load time
../src/app_template.c:73:38: note: (near initialization for 'test_layer2.bias[0]')
../src/app_template.c: In function 'main':
../src/app_template.c:105:12: warning: implicit declaration of function 'processImage' [-Wimplicit-function-declaration]
   result = processImage(&test_images[i]);
            ^~~~~~~~~~~~
../src/app_template.c:126:20: error: invalid initializer
  layer layers[3] = malloc(sizeof(layer) * 3 + sizeof(DATA) * (64+32+10+50176+2048+320));
                    ^~~~~~
../src/app_template.c:131:2: warning: implicit declaration of function 'readBias' [-Wimplicit-function-declaration]
  readBias(layers[0].bias, 64);
  ^~~~~~~~
../src/app_template.c:138:3: warning: implicit declaration of function 'readImage' [-Wimplicit-function-declaration]
   readImage(&image, image_size);
   ^~~~~~~~~
../src/app_template.c:124:6: warning: unused variable 'weights2_num' [-Wunused-variable]
  int weights2_num = 320;
      ^~~~~~~~~~~~
../src/app_template.c:123:6: warning: unused variable 'weights_1_num' [-Wunused-variable]
  int weights_1_num = 2048;
      ^~~~~~~~~~~~~
../src/app_template.c:122:6: warning: unused variable 'weights0_num' [-Wunused-variable]
  int weights0_num = 50176;
      ^~~~~~~~~~~~
../src/app_template.c:121:6: warning: unused variable 'bias2_num' [-Wunused-variable]
  int bias2_num = 10;
      ^~~~~~~~~
../src/app_template.c:120:6: warning: unused variable 'bias1_num' [-Wunused-variable]
  int bias1_num = 32;
      ^~~~~~~~~
../src/app_template.c:119:6: warning: unused variable 'bias0_num' [-Wunused-variable]
  int bias0_num = 64;
      ^~~~~~~~~
../src/app_template.c: At top level:
../src/app_template.c:148:6: warning: conflicting types for 'readBias'
 void readBias(DATA * pBias, int len){
      ^~~~~~~~
../src/app_template.c:131:2: note: previous implicit declaration of 'readBias' was here
  readBias(layers[0].bias, 64);
  ^~~~~~~~
../src/app_template.c: In function 'readBias':
../src/app_template.c:149:24: error: expected expression before 'int'
  for(int i=0; i < len, int len){
                        ^~~
../src/app_template.c:149:22: warning: left-hand operand of comma expression has no effect [-Wunused-value]
  for(int i=0; i < len, int len){
                      ^
../src/app_template.c:150:14: error: 'readDATAfrom' undeclared (first use in this function); did you mean 'readDATAfromUART'?
   pBias[i] = readDATAfrom UART();
              ^~~~~~~~~~~~
              readDATAfromUART
../src/app_template.c:150:14: note: each undeclared identifier is reported only once for each function it appears in
../src/app_template.c:150:26: error: expected ';' before 'UART'
   pBias[i] = readDATAfrom UART();
                          ^~~~~
                          ;
../src/app_template.c: At top level:
../src/app_template.c:154:6: warning: conflicting types for 'readImage'
 void readImage(DATA * image, int size){
      ^~~~~~~~~
../src/app_template.c:138:3: note: previous implicit declaration of 'readImage' was here
   readImage(&image, image_size);
   ^~~~~~~~~
../src/app_template.c: In function 'resultsProcessing':
../src/app_template.c:232:7: warning: variable 'max_i' set but not used [-Wunused-but-set-variable]
   int max_i;
       ^~~~~
../src/app_template.c:223:8: warning: unused variable 'labels' [-Wunused-variable]
  char *labels[10]={"digit 0", "digit 1", "digit 2", "digit 3", "digit 4", "digit 5", "digit 6", "digit 7", "digit 8", "digit 9"};
        ^~~~~~
make: *** [src/subdir.mk:29: src/app_template.o] Error 1
19:23:38 **** Auto Build of configuration Debug for project hw_fir ****
make pre-build main-build 
a9-linaro-pre-build-step
' '
'Building file: ../src/app_template.c'
'Invoking: ARM v7 gcc compiler'
arm-none-eabi-gcc -Wall -O0 -g3 -c -fmessage-length=0 -MT"src/app_template.o" -mcpu=cortex-a9 -mfpu=neon -mfloat-abi=hard -std=c99 -mvectorize-with-neon-quad -ftree-vectorize -I../../hw_fir_bsp/ps7_cortexa9_0/include -MMD -MP -MF"src/app_template.d" -MT"src/app_template.o" -o "src/app_template.o" "../src/app_template.c"
In file included from ../src/app_template.c:8:
../../hw_fir_bsp/ps7_cortexa9_0/include/xtime_l.h:87:9: note: #pragma message: For the sleep routines, Global timer is being used
 #pragma message ("For the sleep routines, Global timer is being used")
         ^~~~~~~
../src/app_template.c:65:8: error: flexible array member not at end of struct
   DATA weights[];
        ^~~~~~~
../src/app_template.c:71:38: warning: initialization of 'short int' from 'int (*)[64]' makes integer from pointer without a cast [-Wint-conversion]
 layer test_layer0 = {64, &weights_0, &bias_0};
                                      ^
../src/app_template.c:71:38: note: (near initialization for 'test_layer0.bias[0]')
../src/app_template.c:71:38: error: initializer element is not computable at load time
../src/app_template.c:71:38: note: (near initialization for 'test_layer0.bias[0]')
../src/app_template.c:72:38: warning: initialization of 'short int' from 'int (*)[32]' makes integer from pointer without a cast [-Wint-conversion]
 layer test_layer1 = {32, &weights_1, &bias_1};
                                      ^
../src/app_template.c:72:38: note: (near initialization for 'test_layer1.bias[0]')
../src/app_template.c:72:38: error: initializer element is not computable at load time
../src/app_template.c:72:38: note: (near initialization for 'test_layer1.bias[0]')
../src/app_template.c:73:38: warning: initialization of 'short int' from 'int (*)[10]' makes integer from pointer without a cast [-Wint-conversion]
 layer test_layer2 = {10, &weights_2, &bias_2};
                                      ^
../src/app_template.c:73:38: note: (near initialization for 'test_layer2.bias[0]')
../src/app_template.c:73:38: error: initializer element is not computable at load time
../src/app_template.c:73:38: note: (near initialization for 'test_layer2.bias[0]')
../src/app_template.c: In function 'main':
../src/app_template.c:105:12: warning: implicit declaration of function 'processImage' [-Wimplicit-function-declaration]
   result = processImage(&test_images[i]);
            ^~~~~~~~~~~~
../src/app_template.c:126:20: error: invalid initializer
  layer layers[3] = malloc(sizeof(layer) * 3 + sizeof(DATA) * (64+32+10+50176+2048+320));
                    ^~~~~~
../src/app_template.c:131:2: warning: implicit declaration of function 'readBias' [-Wimplicit-function-declaration]
  readBias(layers[0].bias, 64);
  ^~~~~~~~
../src/app_template.c:138:3: warning: implicit declaration of function 'readImage' [-Wimplicit-function-declaration]
   readImage(&image, image_size);
   ^~~~~~~~~
../src/app_template.c:124:6: warning: unused variable 'weights2_num' [-Wunused-variable]
  int weights2_num = 320;
      ^~~~~~~~~~~~
../src/app_template.c:123:6: warning: unused variable 'weights_1_num' [-Wunused-variable]
  int weights_1_num = 2048;
      ^~~~~~~~~~~~~
../src/app_template.c:122:6: warning: unused variable 'weights0_num' [-Wunused-variable]
  int weights0_num = 50176;
      ^~~~~~~~~~~~
../src/app_template.c:121:6: warning: unused variable 'bias2_num' [-Wunused-variable]
  int bias2_num = 10;
      ^~~~~~~~~
../src/app_template.c:120:6: warning: unused variable 'bias1_num' [-Wunused-variable]
  int bias1_num = 32;
      ^~~~~~~~~
../src/app_template.c:119:6: warning: unused variable 'bias0_num' [-Wunused-variable]
  int bias0_num = 64;
      ^~~~~~~~~
../src/app_template.c: At top level:
../src/app_template.c:148:6: warning: conflicting types for 'readBias'
 void readBias(DATA * pBias, int len){
      ^~~~~~~~
../src/app_template.c:131:2: note: previous implicit declaration of 'readBias' was here
  readBias(layers[0].bias, 64);
  ^~~~~~~~
../src/app_template.c: In function 'readBias':
../src/app_template.c:149:24: error: expected expression before 'int'
  for(int i=0; i < len; int len){
                        ^~~
../src/app_template.c:150:14: error: 'readDATAfrom' undeclared (first use in this function); did you mean 'readDATAfromUART'?
   pBias[i] = readDATAfrom UART();
              ^~~~~~~~~~~~
              readDATAfromUART
../src/app_template.c:150:14: note: each undeclared identifier is reported only once for each function it appears in
../src/app_template.c:150:26: error: expected ';' before 'UART'
   pBias[i] = readDATAfrom UART();
                          ^~~~~
                          ;
../src/app_template.c: At top level:
../src/app_template.c:154:6: warning: conflicting types for 'readImage'
 void readImage(DATA * image, int size){
      ^~~~~~~~~
../src/app_template.c:138:3: note: previous implicit declaration of 'readImage' was here
   readImage(&image, image_size);
   ^~~~~~~~~
../src/app_template.c: In function 'resultsProcessing':
../src/app_template.c:232:7: warning: variable 'max_i' set but not used [-Wunused-but-set-variable]
   int max_i;
       ^~~~~
../src/app_template.c:223:8: warning: unused variable 'labels' [-Wunused-variable]
  char *labels[10]={"digit 0", "digit 1", "digit 2", "digit 3", "digit 4", "digit 5", "digit 6", "digit 7", "digit 8", "digit 9"};
        ^~~~~~
make: *** [src/subdir.mk:29: src/app_template.o] Error 1
19:23:56 **** Auto Build of configuration Debug for project hw_fir ****
make pre-build main-build 
a9-linaro-pre-build-step
' '
'Building file: ../src/app_template.c'
'Invoking: ARM v7 gcc compiler'
arm-none-eabi-gcc -Wall -O0 -g3 -c -fmessage-length=0 -MT"src/app_template.o" -mcpu=cortex-a9 -mfpu=neon -mfloat-abi=hard -std=c99 -mvectorize-with-neon-quad -ftree-vectorize -I../../hw_fir_bsp/ps7_cortexa9_0/include -MMD -MP -MF"src/app_template.d" -MT"src/app_template.o" -o "src/app_template.o" "../src/app_template.c"
In file included from ../src/app_template.c:8:
../../hw_fir_bsp/ps7_cortexa9_0/include/xtime_l.h:87:9: note: #pragma message: For the sleep routines, Global timer is being used
 #pragma message ("For the sleep routines, Global timer is being used")
         ^~~~~~~
../src/app_template.c:65:8: error: flexible array member not at end of struct
   DATA weights[];
        ^~~~~~~
../src/app_template.c:71:38: warning: initialization of 'short int' from 'int (*)[64]' makes integer from pointer without a cast [-Wint-conversion]
 layer test_layer0 = {64, &weights_0, &bias_0};
                                      ^
../src/app_template.c:71:38: note: (near initialization for 'test_layer0.bias[0]')
../src/app_template.c:71:38: error: initializer element is not computable at load time
../src/app_template.c:71:38: note: (near initialization for 'test_layer0.bias[0]')
../src/app_template.c:72:38: warning: initialization of 'short int' from 'int (*)[32]' makes integer from pointer without a cast [-Wint-conversion]
 layer test_layer1 = {32, &weights_1, &bias_1};
                                      ^
../src/app_template.c:72:38: note: (near initialization for 'test_layer1.bias[0]')
../src/app_template.c:72:38: error: initializer element is not computable at load time
../src/app_template.c:72:38: note: (near initialization for 'test_layer1.bias[0]')
../src/app_template.c:73:38: warning: initialization of 'short int' from 'int (*)[10]' makes integer from pointer without a cast [-Wint-conversion]
 layer test_layer2 = {10, &weights_2, &bias_2};
                                      ^
../src/app_template.c:73:38: note: (near initialization for 'test_layer2.bias[0]')
../src/app_template.c:73:38: error: initializer element is not computable at load time
../src/app_template.c:73:38: note: (near initialization for 'test_layer2.bias[0]')
../src/app_template.c: In function 'main':
../src/app_template.c:105:12: warning: implicit declaration of function 'processImage' [-Wimplicit-function-declaration]
   result = processImage(&test_images[i]);
            ^~~~~~~~~~~~
../src/app_template.c:126:20: error: invalid initializer
  layer layers[3] = malloc(sizeof(layer) * 3 + sizeof(DATA) * (64+32+10+50176+2048+320));
                    ^~~~~~
../src/app_template.c:131:2: warning: implicit declaration of function 'readBias' [-Wimplicit-function-declaration]
  readBias(layers[0].bias, 64);
  ^~~~~~~~
../src/app_template.c:138:3: warning: implicit declaration of function 'readImage' [-Wimplicit-function-declaration]
   readImage(&image, image_size);
   ^~~~~~~~~
../src/app_template.c:124:6: warning: unused variable 'weights2_num' [-Wunused-variable]
  int weights2_num = 320;
      ^~~~~~~~~~~~
../src/app_template.c:123:6: warning: unused variable 'weights_1_num' [-Wunused-variable]
  int weights_1_num = 2048;
      ^~~~~~~~~~~~~
../src/app_template.c:122:6: warning: unused variable 'weights0_num' [-Wunused-variable]
  int weights0_num = 50176;
      ^~~~~~~~~~~~
../src/app_template.c:121:6: warning: unused variable 'bias2_num' [-Wunused-variable]
  int bias2_num = 10;
      ^~~~~~~~~
../src/app_template.c:120:6: warning: unused variable 'bias1_num' [-Wunused-variable]
  int bias1_num = 32;
      ^~~~~~~~~
../src/app_template.c:119:6: warning: unused variable 'bias0_num' [-Wunused-variable]
  int bias0_num = 64;
      ^~~~~~~~~
../src/app_template.c: At top level:
../src/app_template.c:148:6: warning: conflicting types for 'readBias'
 void readBias(DATA * pBias, int len){
      ^~~~~~~~
../src/app_template.c:131:2: note: previous implicit declaration of 'readBias' was here
  readBias(layers[0].bias, 64);
  ^~~~~~~~
../src/app_template.c: In function 'readBias':
../src/app_template.c:149:24: error: expected expression before 'int'
  for(int i=0; i < len; int len){
                        ^~~
../src/app_template.c: At top level:
../src/app_template.c:154:6: warning: conflicting types for 'readImage'
 void readImage(DATA * image, int size){
      ^~~~~~~~~
../src/app_template.c:138:3: note: previous implicit declaration of 'readImage' was here
   readImage(&image, image_size);
   ^~~~~~~~~
../src/app_template.c: In function 'resultsProcessing':
../src/app_template.c:232:7: warning: variable 'max_i' set but not used [-Wunused-but-set-variable]
   int max_i;
       ^~~~~
../src/app_template.c:223:8: warning: unused variable 'labels' [-Wunused-variable]
  char *labels[10]={"digit 0", "digit 1", "digit 2", "digit 3", "digit 4", "digit 5", "digit 6", "digit 7", "digit 8", "digit 9"};
        ^~~~~~
make: *** [src/subdir.mk:29: src/app_template.o] Error 1
19:24:13 **** Auto Build of configuration Debug for project hw_fir ****
make pre-build main-build 
a9-linaro-pre-build-step
' '
'Building file: ../src/app_template.c'
'Invoking: ARM v7 gcc compiler'
arm-none-eabi-gcc -Wall -O0 -g3 -c -fmessage-length=0 -MT"src/app_template.o" -mcpu=cortex-a9 -mfpu=neon -mfloat-abi=hard -std=c99 -mvectorize-with-neon-quad -ftree-vectorize -I../../hw_fir_bsp/ps7_cortexa9_0/include -MMD -MP -MF"src/app_template.d" -MT"src/app_template.o" -o "src/app_template.o" "../src/app_template.c"
In file included from ../src/app_template.c:8:
../../hw_fir_bsp/ps7_cortexa9_0/include/xtime_l.h:87:9: note: #pragma message: For the sleep routines, Global timer is being used
 #pragma message ("For the sleep routines, Global timer is being used")
         ^~~~~~~
../src/app_template.c:65:8: error: flexible array member not at end of struct
   DATA weights[];
        ^~~~~~~
../src/app_template.c:71:38: warning: initialization of 'short int' from 'int (*)[64]' makes integer from pointer without a cast [-Wint-conversion]
 layer test_layer0 = {64, &weights_0, &bias_0};
                                      ^
../src/app_template.c:71:38: note: (near initialization for 'test_layer0.bias[0]')
../src/app_template.c:71:38: error: initializer element is not computable at load time
../src/app_template.c:71:38: note: (near initialization for 'test_layer0.bias[0]')
../src/app_template.c:72:38: warning: initialization of 'short int' from 'int (*)[32]' makes integer from pointer without a cast [-Wint-conversion]
 layer test_layer1 = {32, &weights_1, &bias_1};
                                      ^
../src/app_template.c:72:38: note: (near initialization for 'test_layer1.bias[0]')
../src/app_template.c:72:38: error: initializer element is not computable at load time
../src/app_template.c:72:38: note: (near initialization for 'test_layer1.bias[0]')
../src/app_template.c:73:38: warning: initialization of 'short int' from 'int (*)[10]' makes integer from pointer without a cast [-Wint-conversion]
 layer test_layer2 = {10, &weights_2, &bias_2};
                                      ^
../src/app_template.c:73:38: note: (near initialization for 'test_layer2.bias[0]')
../src/app_template.c:73:38: error: initializer element is not computable at load time
../src/app_template.c:73:38: note: (near initialization for 'test_layer2.bias[0]')
../src/app_template.c: In function 'main':
../src/app_template.c:105:12: warning: implicit declaration of function 'processImage' [-Wimplicit-function-declaration]
   result = processImage(&test_images[i]);
            ^~~~~~~~~~~~
../src/app_template.c:126:20: error: invalid initializer
  layer layers[3] = malloc(sizeof(layer) * 3 + sizeof(DATA) * (64+32+10+50176+2048+320));
                    ^~~~~~
../src/app_template.c:131:2: warning: implicit declaration of function 'readBias' [-Wimplicit-function-declaration]
  readBias(layers[0].bias, 64);
  ^~~~~~~~
../src/app_template.c:138:3: warning: implicit declaration of function 'readImage' [-Wimplicit-function-declaration]
   readImage(&image, image_size);
   ^~~~~~~~~
../src/app_template.c:124:6: warning: unused variable 'weights2_num' [-Wunused-variable]
  int weights2_num = 320;
      ^~~~~~~~~~~~
../src/app_template.c:123:6: warning: unused variable 'weights_1_num' [-Wunused-variable]
  int weights_1_num = 2048;
      ^~~~~~~~~~~~~
../src/app_template.c:122:6: warning: unused variable 'weights0_num' [-Wunused-variable]
  int weights0_num = 50176;
      ^~~~~~~~~~~~
../src/app_template.c:121:6: warning: unused variable 'bias2_num' [-Wunused-variable]
  int bias2_num = 10;
      ^~~~~~~~~
../src/app_template.c:120:6: warning: unused variable 'bias1_num' [-Wunused-variable]
  int bias1_num = 32;
      ^~~~~~~~~
../src/app_template.c:119:6: warning: unused variable 'bias0_num' [-Wunused-variable]
  int bias0_num = 64;
      ^~~~~~~~~
../src/app_template.c: At top level:
../src/app_template.c:148:6: warning: conflicting types for 'readBias'
 void readBias(DATA * pBias, int len){
      ^~~~~~~~
../src/app_template.c:131:2: note: previous implicit declaration of 'readBias' was here
  readBias(layers[0].bias, 64);
  ^~~~~~~~
../src/app_template.c: In function 'readBias':
../src/app_template.c:149:26: error: expected expression before 'int'
  for(int i = 0; i < len; int len){
                          ^~~
../src/app_template.c: At top level:
../src/app_template.c:154:6: warning: conflicting types for 'readImage'
 void readImage(DATA * image, int size){
      ^~~~~~~~~
../src/app_template.c:138:3: note: previous implicit declaration of 'readImage' was here
   readImage(&image, image_size);
   ^~~~~~~~~
../src/app_template.c: In function 'resultsProcessing':
../src/app_template.c:232:7: warning: variable 'max_i' set but not used [-Wunused-but-set-variable]
   int max_i;
       ^~~~~
../src/app_template.c:223:8: warning: unused variable 'labels' [-Wunused-variable]
  char *labels[10]={"digit 0", "digit 1", "digit 2", "digit 3", "digit 4", "digit 5", "digit 6", "digit 7", "digit 8", "digit 9"};
        ^~~~~~
make: *** [src/subdir.mk:29: src/app_template.o] Error 1
19:24:32 **** Auto Build of configuration Debug for project hw_fir ****
make pre-build main-build 
a9-linaro-pre-build-step
' '
'Building file: ../src/app_template.c'
'Invoking: ARM v7 gcc compiler'
arm-none-eabi-gcc -Wall -O0 -g3 -c -fmessage-length=0 -MT"src/app_template.o" -mcpu=cortex-a9 -mfpu=neon -mfloat-abi=hard -std=c99 -mvectorize-with-neon-quad -ftree-vectorize -I../../hw_fir_bsp/ps7_cortexa9_0/include -MMD -MP -MF"src/app_template.d" -MT"src/app_template.o" -o "src/app_template.o" "../src/app_template.c"
In file included from ../src/app_template.c:8:
../../hw_fir_bsp/ps7_cortexa9_0/include/xtime_l.h:87:9: note: #pragma message: For the sleep routines, Global timer is being used
 #pragma message ("For the sleep routines, Global timer is being used")
         ^~~~~~~
../src/app_template.c:65:8: error: flexible array member not at end of struct
   DATA weights[];
        ^~~~~~~
../src/app_template.c:71:38: warning: initialization of 'short int' from 'int (*)[64]' makes integer from pointer without a cast [-Wint-conversion]
 layer test_layer0 = {64, &weights_0, &bias_0};
                                      ^
../src/app_template.c:71:38: note: (near initialization for 'test_layer0.bias[0]')
../src/app_template.c:71:38: error: initializer element is not computable at load time
../src/app_template.c:71:38: note: (near initialization for 'test_layer0.bias[0]')
../src/app_template.c:72:38: warning: initialization of 'short int' from 'int (*)[32]' makes integer from pointer without a cast [-Wint-conversion]
 layer test_layer1 = {32, &weights_1, &bias_1};
                                      ^
../src/app_template.c:72:38: note: (near initialization for 'test_layer1.bias[0]')
../src/app_template.c:72:38: error: initializer element is not computable at load time
../src/app_template.c:72:38: note: (near initialization for 'test_layer1.bias[0]')
../src/app_template.c:73:38: warning: initialization of 'short int' from 'int (*)[10]' makes integer from pointer without a cast [-Wint-conversion]
 layer test_layer2 = {10, &weights_2, &bias_2};
                                      ^
../src/app_template.c:73:38: note: (near initialization for 'test_layer2.bias[0]')
../src/app_template.c:73:38: error: initializer element is not computable at load time
../src/app_template.c:73:38: note: (near initialization for 'test_layer2.bias[0]')
../src/app_template.c: In function 'main':
../src/app_template.c:105:12: warning: implicit declaration of function 'processImage' [-Wimplicit-function-declaration]
   result = processImage(&test_images[i]);
            ^~~~~~~~~~~~
../src/app_template.c:126:20: error: invalid initializer
  layer layers[3] = malloc(sizeof(layer) * 3 + sizeof(DATA) * (64+32+10+50176+2048+320));
                    ^~~~~~
../src/app_template.c:131:2: warning: implicit declaration of function 'readBias' [-Wimplicit-function-declaration]
  readBias(layers[0].bias, 64);
  ^~~~~~~~
../src/app_template.c:138:3: warning: implicit declaration of function 'readImage' [-Wimplicit-function-declaration]
   readImage(&image, image_size);
   ^~~~~~~~~
../src/app_template.c:124:6: warning: unused variable 'weights2_num' [-Wunused-variable]
  int weights2_num = 320;
      ^~~~~~~~~~~~
../src/app_template.c:123:6: warning: unused variable 'weights_1_num' [-Wunused-variable]
  int weights_1_num = 2048;
      ^~~~~~~~~~~~~
../src/app_template.c:122:6: warning: unused variable 'weights0_num' [-Wunused-variable]
  int weights0_num = 50176;
      ^~~~~~~~~~~~
../src/app_template.c:121:6: warning: unused variable 'bias2_num' [-Wunused-variable]
  int bias2_num = 10;
      ^~~~~~~~~
../src/app_template.c:120:6: warning: unused variable 'bias1_num' [-Wunused-variable]
  int bias1_num = 32;
      ^~~~~~~~~
../src/app_template.c:119:6: warning: unused variable 'bias0_num' [-Wunused-variable]
  int bias0_num = 64;
      ^~~~~~~~~
../src/app_template.c: At top level:
../src/app_template.c:148:6: warning: conflicting types for 'readBias'
 void readBias(DATA * pBias, int len){
      ^~~~~~~~
../src/app_template.c:131:2: note: previous implicit declaration of 'readBias' was here
  readBias(layers[0].bias, 64);
  ^~~~~~~~
../src/app_template.c:154:6: warning: conflicting types for 'readImage'
 void readImage(DATA * image, int size){
      ^~~~~~~~~
../src/app_template.c:138:3: note: previous implicit declaration of 'readImage' was here
   readImage(&image, image_size);
   ^~~~~~~~~
../src/app_template.c: In function 'resultsProcessing':
../src/app_template.c:232:7: warning: variable 'max_i' set but not used [-Wunused-but-set-variable]
   int max_i;
       ^~~~~
../src/app_template.c:223:8: warning: unused variable 'labels' [-Wunused-variable]
  char *labels[10]={"digit 0", "digit 1", "digit 2", "digit 3", "digit 4", "digit 5", "digit 6", "digit 7", "digit 8", "digit 9"};
        ^~~~~~
make: *** [src/subdir.mk:29: src/app_template.o] Error 1
19:25:20 **** Auto Build of configuration Debug for project hw_fir ****
make pre-build main-build 
a9-linaro-pre-build-step
' '
'Building file: ../src/app_template.c'
'Invoking: ARM v7 gcc compiler'
arm-none-eabi-gcc -Wall -O0 -g3 -c -fmessage-length=0 -MT"src/app_template.o" -mcpu=cortex-a9 -mfpu=neon -mfloat-abi=hard -std=c99 -mvectorize-with-neon-quad -ftree-vectorize -I../../hw_fir_bsp/ps7_cortexa9_0/include -MMD -MP -MF"src/app_template.d" -MT"src/app_template.o" -o "src/app_template.o" "../src/app_template.c"
In file included from ../src/app_template.c:8:
../../hw_fir_bsp/ps7_cortexa9_0/include/xtime_l.h:87:9: note: #pragma message: For the sleep routines, Global timer is being used
 #pragma message ("For the sleep routines, Global timer is being used")
         ^~~~~~~
../src/app_template.c:65:13: error: 'neurons' undeclared here (not in a function)
   DATA bias[neurons];
             ^~~~~~~
../src/app_template.c:67:1: warning: no semicolon at end of struct or union
 } layer;
 ^
../src/app_template.c:71:38: warning: initialization of 'short int' from 'int (*)[64]' makes integer from pointer without a cast [-Wint-conversion]
 layer test_layer0 = {64, &weights_0, &bias_0};
                                      ^
../src/app_template.c:71:38: note: (near initialization for 'test_layer0.weights[0]')
../src/app_template.c:71:38: error: initializer element is not computable at load time
../src/app_template.c:71:38: note: (near initialization for 'test_layer0.weights[0]')
../src/app_template.c:72:38: warning: initialization of 'short int' from 'int (*)[32]' makes integer from pointer without a cast [-Wint-conversion]
 layer test_layer1 = {32, &weights_1, &bias_1};
                                      ^
../src/app_template.c:72:38: note: (near initialization for 'test_layer1.weights[0]')
../src/app_template.c:72:38: error: initializer element is not computable at load time
../src/app_template.c:72:38: note: (near initialization for 'test_layer1.weights[0]')
../src/app_template.c:73:38: warning: initialization of 'short int' from 'int (*)[10]' makes integer from pointer without a cast [-Wint-conversion]
 layer test_layer2 = {10, &weights_2, &bias_2};
                                      ^
../src/app_template.c:73:38: note: (near initialization for 'test_layer2.weights[0]')
../src/app_template.c:73:38: error: initializer element is not computable at load time
../src/app_template.c:73:38: note: (near initialization for 'test_layer2.weights[0]')
../src/app_template.c: In function 'main':
../src/app_template.c:105:12: warning: implicit declaration of function 'processImage' [-Wimplicit-function-declaration]
   result = processImage(&test_images[i]);
            ^~~~~~~~~~~~
../src/app_template.c:126:20: error: invalid initializer
  layer layers[3] = malloc(sizeof(layer) * 3 + sizeof(DATA) * (64+32+10+50176+2048+320));
                    ^~~~~~
../src/app_template.c:131:2: warning: implicit declaration of function 'readBias' [-Wimplicit-function-declaration]
  readBias(layers[0].bias, 64);
  ^~~~~~~~
../src/app_template.c:138:3: warning: implicit declaration of function 'readImage' [-Wimplicit-function-declaration]
   readImage(&image, image_size);
   ^~~~~~~~~
../src/app_template.c:126:8: warning: variable 'layers' set but not used [-Wunused-but-set-variable]
  layer layers[3] = malloc(sizeof(layer) * 3 + sizeof(DATA) * (64+32+10+50176+2048+320));
        ^~~~~~
../src/app_template.c:124:6: warning: unused variable 'weights2_num' [-Wunused-variable]
  int weights2_num = 320;
      ^~~~~~~~~~~~
../src/app_template.c:123:6: warning: unused variable 'weights_1_num' [-Wunused-variable]
  int weights_1_num = 2048;
      ^~~~~~~~~~~~~
../src/app_template.c:122:6: warning: unused variable 'weights0_num' [-Wunused-variable]
  int weights0_num = 50176;
      ^~~~~~~~~~~~
../src/app_template.c:121:6: warning: unused variable 'bias2_num' [-Wunused-variable]
  int bias2_num = 10;
      ^~~~~~~~~
../src/app_template.c:120:6: warning: unused variable 'bias1_num' [-Wunused-variable]
  int bias1_num = 32;
      ^~~~~~~~~
../src/app_template.c:119:6: warning: unused variable 'bias0_num' [-Wunused-variable]
  int bias0_num = 64;
      ^~~~~~~~~
../src/app_template.c: At top level:
../src/app_template.c:148:6: warning: conflicting types for 'readBias'
 void readBias(DATA * pBias, int len){
      ^~~~~~~~
../src/app_template.c:131:2: note: previous implicit declaration of 'readBias' was here
  readBias(layers[0].bias, 64);
  ^~~~~~~~
../src/app_template.c:154:6: warning: conflicting types for 'readImage'
 void readImage(DATA * image, int size){
      ^~~~~~~~~
../src/app_template.c:138:3: note: previous implicit declaration of 'readImage' was here
   readImage(&image, image_size);
   ^~~~~~~~~
../src/app_template.c: In function 'resultsProcessing':
../src/app_template.c:232:7: warning: variable 'max_i' set but not used [-Wunused-but-set-variable]
   int max_i;
       ^~~~~
../src/app_template.c:223:8: warning: unused variable 'labels' [-Wunused-variable]
  char *labels[10]={"digit 0", "digit 1", "digit 2", "digit 3", "digit 4", "digit 5", "digit 6", "digit 7", "digit 8", "digit 9"};
        ^~~~~~
make: *** [src/subdir.mk:29: src/app_template.o] Error 1
19:26:49 **** Auto Build of configuration Debug for project hw_fir ****
make pre-build main-build 
a9-linaro-pre-build-step
' '
'Building file: ../src/app_template.c'
'Invoking: ARM v7 gcc compiler'
arm-none-eabi-gcc -Wall -O0 -g3 -c -fmessage-length=0 -MT"src/app_template.o" -mcpu=cortex-a9 -mfpu=neon -mfloat-abi=hard -std=c99 -mvectorize-with-neon-quad -ftree-vectorize -I../../hw_fir_bsp/ps7_cortexa9_0/include -MMD -MP -MF"src/app_template.d" -MT"src/app_template.o" -o "src/app_template.o" "../src/app_template.c"
In file included from ../src/app_template.c:8:
../../hw_fir_bsp/ps7_cortexa9_0/include/xtime_l.h:87:9: note: #pragma message: For the sleep routines, Global timer is being used
 #pragma message ("For the sleep routines, Global timer is being used")
         ^~~~~~~
../src/app_template.c:72:26: warning: initialization of 'int' from 'int (*)[50176]' makes integer from pointer without a cast [-Wint-conversion]
 layer test_layer0 = {64, &weights_0, &bias_0};
                          ^
../src/app_template.c:72:26: note: (near initialization for 'test_layer0.weights_num')
../src/app_template.c:72:38: warning: initialization of 'short int' from 'int (*)[64]' makes integer from pointer without a cast [-Wint-conversion]
 layer test_layer0 = {64, &weights_0, &bias_0};
                                      ^
../src/app_template.c:72:38: note: (near initialization for 'test_layer0.bias[0]')
../src/app_template.c:72:38: error: initializer element is not computable at load time
../src/app_template.c:72:38: note: (near initialization for 'test_layer0.bias[0]')
../src/app_template.c:72:21: warning: missing braces around initializer [-Wmissing-braces]
 layer test_layer0 = {64, &weights_0, &bias_0};
                     ^
                                      {      }
../src/app_template.c:73:26: warning: initialization of 'int' from 'int (*)[2048]' makes integer from pointer without a cast [-Wint-conversion]
 layer test_layer1 = {32, &weights_1, &bias_1};
                          ^
../src/app_template.c:73:26: note: (near initialization for 'test_layer1.weights_num')
../src/app_template.c:73:38: warning: initialization of 'short int' from 'int (*)[32]' makes integer from pointer without a cast [-Wint-conversion]
 layer test_layer1 = {32, &weights_1, &bias_1};
                                      ^
../src/app_template.c:73:38: note: (near initialization for 'test_layer1.bias[0]')
../src/app_template.c:73:38: error: initializer element is not computable at load time
../src/app_template.c:73:38: note: (near initialization for 'test_layer1.bias[0]')
../src/app_template.c:73:21: warning: missing braces around initializer [-Wmissing-braces]
 layer test_layer1 = {32, &weights_1, &bias_1};
                     ^
                                      {      }
../src/app_template.c:74:26: warning: initialization of 'int' from 'int (*)[320]' makes integer from pointer without a cast [-Wint-conversion]
 layer test_layer2 = {10, &weights_2, &bias_2};
                          ^
../src/app_template.c:74:26: note: (near initialization for 'test_layer2.weights_num')
../src/app_template.c:74:38: warning: initialization of 'short int' from 'int (*)[10]' makes integer from pointer without a cast [-Wint-conversion]
 layer test_layer2 = {10, &weights_2, &bias_2};
                                      ^
../src/app_template.c:74:38: note: (near initialization for 'test_layer2.bias[0]')
../src/app_template.c:74:38: error: initializer element is not computable at load time
../src/app_template.c:74:38: note: (near initialization for 'test_layer2.bias[0]')
../src/app_template.c:74:21: warning: missing braces around initializer [-Wmissing-braces]
 layer test_layer2 = {10, &weights_2, &bias_2};
                     ^
                                      {      }
../src/app_template.c: In function 'main':
../src/app_template.c:106:12: warning: implicit declaration of function 'processImage' [-Wimplicit-function-declaration]
   result = processImage(&test_images[i]);
            ^~~~~~~~~~~~
../src/app_template.c:127:20: error: invalid initializer
  layer layers[3] = malloc(sizeof(layer) * 3 + sizeof(DATA) * (64+32+10+50176+2048+320));
                    ^~~~~~
../src/app_template.c:130:11: error: 'layer' {aka 'struct <anonymous>'} has no member named 'neurons'
  layers[0].neurons = 64;
           ^
../src/app_template.c:132:2: warning: implicit declaration of function 'readBias' [-Wimplicit-function-declaration]
  readBias(layers[0].bias, 64);
  ^~~~~~~~
../src/app_template.c:139:3: warning: implicit declaration of function 'readImage' [-Wimplicit-function-declaration]
   readImage(&image, image_size);
   ^~~~~~~~~
../src/app_template.c:125:6: warning: unused variable 'weights2_num' [-Wunused-variable]
  int weights2_num = 320;
      ^~~~~~~~~~~~
../src/app_template.c:124:6: warning: unused variable 'weights_1_num' [-Wunused-variable]
  int weights_1_num = 2048;
      ^~~~~~~~~~~~~
../src/app_template.c:123:6: warning: unused variable 'weights0_num' [-Wunused-variable]
  int weights0_num = 50176;
      ^~~~~~~~~~~~
../src/app_template.c:122:6: warning: unused variable 'bias2_num' [-Wunused-variable]
  int bias2_num = 10;
      ^~~~~~~~~
../src/app_template.c:121:6: warning: unused variable 'bias1_num' [-Wunused-variable]
  int bias1_num = 32;
      ^~~~~~~~~
../src/app_template.c:120:6: warning: unused variable 'bias0_num' [-Wunused-variable]
  int bias0_num = 64;
      ^~~~~~~~~
../src/app_template.c: At top level:
../src/app_template.c:149:6: warning: conflicting types for 'readBias'
 void readBias(DATA * pBias, int len){
      ^~~~~~~~
../src/app_template.c:132:2: note: previous implicit declaration of 'readBias' was here
  readBias(layers[0].bias, 64);
  ^~~~~~~~
../src/app_template.c:155:6: warning: conflicting types for 'readImage'
 void readImage(DATA * image, int size){
      ^~~~~~~~~
../src/app_template.c:139:3: note: previous implicit declaration of 'readImage' was here
   readImage(&image, image_size);
   ^~~~~~~~~
../src/app_template.c: In function 'resultsProcessing':
../src/app_template.c:233:7: warning: variable 'max_i' set but not used [-Wunused-but-set-variable]
   int max_i;
       ^~~~~
../src/app_template.c:224:8: warning: unused variable 'labels' [-Wunused-variable]
  char *labels[10]={"digit 0", "digit 1", "digit 2", "digit 3", "digit 4", "digit 5", "digit 6", "digit 7", "digit 8", "digit 9"};
        ^~~~~~
make: *** [src/subdir.mk:29: src/app_template.o] Error 1
19:26:59 **** Auto Build of configuration Debug for project hw_fir ****
make pre-build main-build 
a9-linaro-pre-build-step
' '
'Building file: ../src/app_template.c'
'Invoking: ARM v7 gcc compiler'
arm-none-eabi-gcc -Wall -O0 -g3 -c -fmessage-length=0 -MT"src/app_template.o" -mcpu=cortex-a9 -mfpu=neon -mfloat-abi=hard -std=c99 -mvectorize-with-neon-quad -ftree-vectorize -I../../hw_fir_bsp/ps7_cortexa9_0/include -MMD -MP -MF"src/app_template.d" -MT"src/app_template.o" -o "src/app_template.o" "../src/app_template.c"
In file included from ../src/app_template.c:8:
../../hw_fir_bsp/ps7_cortexa9_0/include/xtime_l.h:87:9: note: #pragma message: For the sleep routines, Global timer is being used
 #pragma message ("For the sleep routines, Global timer is being used")
         ^~~~~~~
../src/app_template.c: In function 'main':
../src/app_template.c:105:12: warning: implicit declaration of function 'processImage' [-Wimplicit-function-declaration]
   result = processImage(&test_images[i]);
            ^~~~~~~~~~~~
../src/app_template.c:126:20: error: invalid initializer
  layer layers[3] = malloc(sizeof(layer) * 3 + sizeof(DATA) * (64+32+10+50176+2048+320));
                    ^~~~~~
../src/app_template.c:129:11: error: 'layer' {aka 'struct <anonymous>'} has no member named 'neurons'
  layers[0].neurons = 64;
           ^
../src/app_template.c:131:2: warning: implicit declaration of function 'readBias' [-Wimplicit-function-declaration]
  readBias(layers[0].bias, 64);
  ^~~~~~~~
../src/app_template.c:138:3: warning: implicit declaration of function 'readImage' [-Wimplicit-function-declaration]
   readImage(&image, image_size);
   ^~~~~~~~~
../src/app_template.c:124:6: warning: unused variable 'weights2_num' [-Wunused-variable]
  int weights2_num = 320;
      ^~~~~~~~~~~~
../src/app_template.c:123:6: warning: unused variable 'weights_1_num' [-Wunused-variable]
  int weights_1_num = 2048;
      ^~~~~~~~~~~~~
../src/app_template.c:122:6: warning: unused variable 'weights0_num' [-Wunused-variable]
  int weights0_num = 50176;
      ^~~~~~~~~~~~
../src/app_template.c:121:6: warning: unused variable 'bias2_num' [-Wunused-variable]
  int bias2_num = 10;
      ^~~~~~~~~
../src/app_template.c:120:6: warning: unused variable 'bias1_num' [-Wunused-variable]
  int bias1_num = 32;
      ^~~~~~~~~
../src/app_template.c:119:6: warning: unused variable 'bias0_num' [-Wunused-variable]
  int bias0_num = 64;
      ^~~~~~~~~
../src/app_template.c: At top level:
../src/app_template.c:148:6: warning: conflicting types for 'readBias'
 void readBias(DATA * pBias, int len){
      ^~~~~~~~
../src/app_template.c:131:2: note: previous implicit declaration of 'readBias' was here
  readBias(layers[0].bias, 64);
  ^~~~~~~~
../src/app_template.c:154:6: warning: conflicting types for 'readImage'
 void readImage(DATA * image, int size){
      ^~~~~~~~~
../src/app_template.c:138:3: note: previous implicit declaration of 'readImage' was here
   readImage(&image, image_size);
   ^~~~~~~~~
../src/app_template.c: In function 'resultsProcessing':
../src/app_template.c:232:7: warning: variable 'max_i' set but not used [-Wunused-but-set-variable]
   int max_i;
       ^~~~~
../src/app_template.c:223:8: warning: unused variable 'labels' [-Wunused-variable]
  char *labels[10]={"digit 0", "digit 1", "digit 2", "digit 3", "digit 4", "digit 5", "digit 6", "digit 7", "digit 8", "digit 9"};
        ^~~~~~
make: *** [src/subdir.mk:29: src/app_template.o] Error 1
19:27:12 **** Auto Build of configuration Debug for project hw_fir ****
make pre-build main-build 
a9-linaro-pre-build-step
' '
'Building file: ../src/app_template.c'
'Invoking: ARM v7 gcc compiler'
arm-none-eabi-gcc -Wall -O0 -g3 -c -fmessage-length=0 -MT"src/app_template.o" -mcpu=cortex-a9 -mfpu=neon -mfloat-abi=hard -std=c99 -mvectorize-with-neon-quad -ftree-vectorize -I../../hw_fir_bsp/ps7_cortexa9_0/include -MMD -MP -MF"src/app_template.d" -MT"src/app_template.o" -o "src/app_template.o" "../src/app_template.c"
In file included from ../src/app_template.c:8:
../../hw_fir_bsp/ps7_cortexa9_0/include/xtime_l.h:87:9: note: #pragma message: For the sleep routines, Global timer is being used
 #pragma message ("For the sleep routines, Global timer is being used")
         ^~~~~~~
../src/app_template.c: In function 'main':
../src/app_template.c:105:12: warning: implicit declaration of function 'processImage' [-Wimplicit-function-declaration]
   result = processImage(&test_images[i]);
            ^~~~~~~~~~~~
../src/app_template.c:129:11: error: 'layer' {aka 'struct <anonymous>'} has no member named 'neurons'
  layers[0].neurons = 64;
           ^
../src/app_template.c:131:2: warning: implicit declaration of function 'readBias' [-Wimplicit-function-declaration]
  readBias(layers[0].bias, 64);
  ^~~~~~~~
../src/app_template.c:138:3: warning: implicit declaration of function 'readImage' [-Wimplicit-function-declaration]
   readImage(&image, image_size);
   ^~~~~~~~~
../src/app_template.c:124:6: warning: unused variable 'weights2_num' [-Wunused-variable]
  int weights2_num = 320;
      ^~~~~~~~~~~~
../src/app_template.c:123:6: warning: unused variable 'weights_1_num' [-Wunused-variable]
  int weights_1_num = 2048;
      ^~~~~~~~~~~~~
../src/app_template.c:122:6: warning: unused variable 'weights0_num' [-Wunused-variable]
  int weights0_num = 50176;
      ^~~~~~~~~~~~
../src/app_template.c:121:6: warning: unused variable 'bias2_num' [-Wunused-variable]
  int bias2_num = 10;
      ^~~~~~~~~
../src/app_template.c:120:6: warning: unused variable 'bias1_num' [-Wunused-variable]
  int bias1_num = 32;
      ^~~~~~~~~
../src/app_template.c:119:6: warning: unused variable 'bias0_num' [-Wunused-variable]
  int bias0_num = 64;
      ^~~~~~~~~
../src/app_template.c: At top level:
../src/app_template.c:148:6: warning: conflicting types for 'readBias'
 void readBias(DATA * pBias, int len){
      ^~~~~~~~
../src/app_template.c:131:2: note: previous implicit declaration of 'readBias' was here
  readBias(layers[0].bias, 64);
  ^~~~~~~~
../src/app_template.c:154:6: warning: conflicting types for 'readImage'
 void readImage(DATA * image, int size){
      ^~~~~~~~~
../src/app_template.c:138:3: note: previous implicit declaration of 'readImage' was here
   readImage(&image, image_size);
   ^~~~~~~~~
../src/app_template.c: In function 'resultsProcessing':
../src/app_template.c:232:7: warning: variable 'max_i' set but not used [-Wunused-but-set-variable]
   int max_i;
       ^~~~~
../src/app_template.c:223:8: warning: unused variable 'labels' [-Wunused-variable]
  char *labels[10]={"digit 0", "digit 1", "digit 2", "digit 3", "digit 4", "digit 5", "digit 6", "digit 7", "digit 8", "digit 9"};
        ^~~~~~
make: *** [src/subdir.mk:29: src/app_template.o] Error 1
19:27:46 **** Auto Build of configuration Debug for project hw_fir ****
make pre-build main-build 
a9-linaro-pre-build-step
' '
'Building file: ../src/app_template.c'
'Invoking: ARM v7 gcc compiler'
arm-none-eabi-gcc -Wall -O0 -g3 -c -fmessage-length=0 -MT"src/app_template.o" -mcpu=cortex-a9 -mfpu=neon -mfloat-abi=hard -std=c99 -mvectorize-with-neon-quad -ftree-vectorize -I../../hw_fir_bsp/ps7_cortexa9_0/include -MMD -MP -MF"src/app_template.d" -MT"src/app_template.o" -o "src/app_template.o" "../src/app_template.c"
In file included from ../src/app_template.c:8:
../../hw_fir_bsp/ps7_cortexa9_0/include/xtime_l.h:87:9: note: #pragma message: For the sleep routines, Global timer is being used
 #pragma message ("For the sleep routines, Global timer is being used")
         ^~~~~~~
../src/app_template.c: In function 'main':
../src/app_template.c:105:12: warning: implicit declaration of function 'processImage' [-Wimplicit-function-declaration]
   result = processImage(&test_images[i]);
            ^~~~~~~~~~~~
../src/app_template.c:130:7: error: expected identifier or '(' before '[' token
  layer[0].weights_num = weights0_num;
       ^
../src/app_template.c:132:2: warning: implicit declaration of function 'readBias' [-Wimplicit-function-declaration]
  readBias(layers[0].bias, 64);
  ^~~~~~~~
../src/app_template.c:139:3: warning: implicit declaration of function 'readImage' [-Wimplicit-function-declaration]
   readImage(&image, image_size);
   ^~~~~~~~~
../src/app_template.c:124:6: warning: unused variable 'weights2_num' [-Wunused-variable]
  int weights2_num = 320;
      ^~~~~~~~~~~~
../src/app_template.c:123:6: warning: unused variable 'weights_1_num' [-Wunused-variable]
  int weights_1_num = 2048;
      ^~~~~~~~~~~~~
../src/app_template.c:122:6: warning: unused variable 'weights0_num' [-Wunused-variable]
  int weights0_num = 50176;
      ^~~~~~~~~~~~
../src/app_template.c:121:6: warning: unused variable 'bias2_num' [-Wunused-variable]
  int bias2_num = 10;
      ^~~~~~~~~
../src/app_template.c:120:6: warning: unused variable 'bias1_num' [-Wunused-variable]
  int bias1_num = 32;
      ^~~~~~~~~
../src/app_template.c: At top level:
../src/app_template.c:149:6: warning: conflicting types for 'readBias'
 void readBias(DATA * pBias, int len){
      ^~~~~~~~
../src/app_template.c:132:2: note: previous implicit declaration of 'readBias' was here
  readBias(layers[0].bias, 64);
  ^~~~~~~~
../src/app_template.c:155:6: warning: conflicting types for 'readImage'
 void readImage(DATA * image, int size){
      ^~~~~~~~~
../src/app_template.c:139:3: note: previous implicit declaration of 'readImage' was here
   readImage(&image, image_size);
   ^~~~~~~~~
../src/app_template.c: In function 'resultsProcessing':
../src/app_template.c:233:7: warning: variable 'max_i' set but not used [-Wunused-but-set-variable]
   int max_i;
       ^~~~~
../src/app_template.c:224:8: warning: unused variable 'labels' [-Wunused-variable]
  char *labels[10]={"digit 0", "digit 1", "digit 2", "digit 3", "digit 4", "digit 5", "digit 6", "digit 7", "digit 8", "digit 9"};
        ^~~~~~
make: *** [src/subdir.mk:29: src/app_template.o] Error 1
19:27:54 **** Auto Build of configuration Debug for project hw_fir ****
make pre-build main-build 
a9-linaro-pre-build-step
' '
'Building file: ../src/app_template.c'
'Invoking: ARM v7 gcc compiler'
arm-none-eabi-gcc -Wall -O0 -g3 -c -fmessage-length=0 -MT"src/app_template.o" -mcpu=cortex-a9 -mfpu=neon -mfloat-abi=hard -std=c99 -mvectorize-with-neon-quad -ftree-vectorize -I../../hw_fir_bsp/ps7_cortexa9_0/include -MMD -MP -MF"src/app_template.d" -MT"src/app_template.o" -o "src/app_template.o" "../src/app_template.c"
In file included from ../src/app_template.c:8:
../../hw_fir_bsp/ps7_cortexa9_0/include/xtime_l.h:87:9: note: #pragma message: For the sleep routines, Global timer is being used
 #pragma message ("For the sleep routines, Global timer is being used")
         ^~~~~~~
../src/app_template.c: In function 'main':
../src/app_template.c:105:12: warning: implicit declaration of function 'processImage' [-Wimplicit-function-declaration]
   result = processImage(&test_images[i]);
            ^~~~~~~~~~~~
../src/app_template.c:130:7: error: expected identifier or '(' before '[' token
  layer[0].weights_num = weights0_num;
       ^
../src/app_template.c:132:2: warning: implicit declaration of function 'readBias' [-Wimplicit-function-declaration]
  readBias(layers[0].bias, 64);
  ^~~~~~~~
../src/app_template.c:139:3: warning: implicit declaration of function 'readImage' [-Wimplicit-function-declaration]
   readImage(&image, image_size);
   ^~~~~~~~~
../src/app_template.c:124:6: warning: unused variable 'weights2_num' [-Wunused-variable]
  int weights2_num = 320;
      ^~~~~~~~~~~~
../src/app_template.c:123:6: warning: unused variable 'weights_1_num' [-Wunused-variable]
  int weights_1_num = 2048;
      ^~~~~~~~~~~~~
../src/app_template.c:122:6: warning: unused variable 'weights0_num' [-Wunused-variable]
  int weights0_num = 50176;
      ^~~~~~~~~~~~
../src/app_template.c:121:6: warning: unused variable 'bias2_num' [-Wunused-variable]
  int bias2_num = 10;
      ^~~~~~~~~
../src/app_template.c:120:6: warning: unused variable 'bias1_num' [-Wunused-variable]
  int bias1_num = 32;
      ^~~~~~~~~
../src/app_template.c: At top level:
../src/app_template.c:149:6: warning: conflicting types for 'readBias'
 void readBias(DATA * pBias, int len){
      ^~~~~~~~
../src/app_template.c:132:2: note: previous implicit declaration of 'readBias' was here
  readBias(layers[0].bias, 64);
  ^~~~~~~~
../src/app_template.c:155:6: warning: conflicting types for 'readImage'
 void readImage(DATA * image, int size){
      ^~~~~~~~~
../src/app_template.c:139:3: note: previous implicit declaration of 'readImage' was here
   readImage(&image, image_size);
   ^~~~~~~~~
../src/app_template.c: In function 'resultsProcessing':
../src/app_template.c:233:7: warning: variable 'max_i' set but not used [-Wunused-but-set-variable]
   int max_i;
       ^~~~~
../src/app_template.c:224:8: warning: unused variable 'labels' [-Wunused-variable]
  char *labels[10]={"digit 0", "digit 1", "digit 2", "digit 3", "digit 4", "digit 5", "digit 6", "digit 7", "digit 8", "digit 9"};
        ^~~~~~
make: *** [src/subdir.mk:29: src/app_template.o] Error 1
19:27:58 **** Auto Build of configuration Debug for project hw_fir ****
make pre-build main-build 
a9-linaro-pre-build-step
' '
'Building file: ../src/app_template.c'
'Invoking: ARM v7 gcc compiler'
arm-none-eabi-gcc -Wall -O0 -g3 -c -fmessage-length=0 -MT"src/app_template.o" -mcpu=cortex-a9 -mfpu=neon -mfloat-abi=hard -std=c99 -mvectorize-with-neon-quad -ftree-vectorize -I../../hw_fir_bsp/ps7_cortexa9_0/include -MMD -MP -MF"src/app_template.d" -MT"src/app_template.o" -o "src/app_template.o" "../src/app_template.c"
In file included from ../src/app_template.c:8:
../../hw_fir_bsp/ps7_cortexa9_0/include/xtime_l.h:87:9: note: #pragma message: For the sleep routines, Global timer is being used
 #pragma message ("For the sleep routines, Global timer is being used")
         ^~~~~~~
../src/app_template.c: In function 'main':
../src/app_template.c:105:12: warning: implicit declaration of function 'processImage' [-Wimplicit-function-declaration]
   result = processImage(&test_images[i]);
            ^~~~~~~~~~~~
../src/app_template.c:132:2: warning: implicit declaration of function 'readBias' [-Wimplicit-function-declaration]
  readBias(layers[0].bias, 64);
  ^~~~~~~~
../src/app_template.c:139:3: warning: implicit declaration of function 'readImage' [-Wimplicit-function-declaration]
   readImage(&image, image_size);
   ^~~~~~~~~
../src/app_template.c:124:6: warning: unused variable 'weights2_num' [-Wunused-variable]
  int weights2_num = 320;
      ^~~~~~~~~~~~
../src/app_template.c:123:6: warning: unused variable 'weights_1_num' [-Wunused-variable]
  int weights_1_num = 2048;
      ^~~~~~~~~~~~~
../src/app_template.c:121:6: warning: unused variable 'bias2_num' [-Wunused-variable]
  int bias2_num = 10;
      ^~~~~~~~~
../src/app_template.c:120:6: warning: unused variable 'bias1_num' [-Wunused-variable]
  int bias1_num = 32;
      ^~~~~~~~~
../src/app_template.c: At top level:
../src/app_template.c:149:6: warning: conflicting types for 'readBias'
 void readBias(DATA * pBias, int len){
      ^~~~~~~~
../src/app_template.c:132:2: note: previous implicit declaration of 'readBias' was here
  readBias(layers[0].bias, 64);
  ^~~~~~~~
../src/app_template.c:155:6: warning: conflicting types for 'readImage'
 void readImage(DATA * image, int size){
      ^~~~~~~~~
../src/app_template.c:139:3: note: previous implicit declaration of 'readImage' was here
   readImage(&image, image_size);
   ^~~~~~~~~
../src/app_template.c: In function 'resultsProcessing':
../src/app_template.c:233:7: warning: variable 'max_i' set but not used [-Wunused-but-set-variable]
   int max_i;
       ^~~~~
../src/app_template.c:224:8: warning: unused variable 'labels' [-Wunused-variable]
  char *labels[10]={"digit 0", "digit 1", "digit 2", "digit 3", "digit 4", "digit 5", "digit 6", "digit 7", "digit 8", "digit 9"};
        ^~~~~~
'Finished building: ../src/app_template.c'
' '
'Building target: hw_fir.elf'
'Invoking: ARM v7 gcc linker'
arm-none-eabi-gcc -mcpu=cortex-a9 -mfpu=neon -mfloat-abi=hard -std=c99 -mvectorize-with-neon-quad -ftree-vectorize -Wl,-build-id=none -specs=Xilinx.spec -Wl,-T -Wl,../src/lscript.ld -L../../hw_fir_bsp/ps7_cortexa9_0/lib -o "hw_fir.elf"  ./src/app_template.o ./src/platform.o ./src/timer_ps.o   -lm -Wl,--start-group,-lxil,-lgcc,-lc,--end-group
'Finished building target: hw_fir.elf'
' '
'Invoking: ARM v7 Print Size'
arm-none-eabi-size hw_fir.elf  |tee "hw_fir.elf.size"
   text	   data	    bss	    dec	    hex	filename
  36368	 333152	  23688	 393208	  5fff8	hw_fir.elf
'Finished building: hw_fir.elf.size'
' '
19:29:41 **** Auto Build of configuration Debug for project hw_fir ****
make pre-build main-build 
a9-linaro-pre-build-step
' '
'Building file: ../src/app_template.c'
'Invoking: ARM v7 gcc compiler'
arm-none-eabi-gcc -Wall -O0 -g3 -c -fmessage-length=0 -MT"src/app_template.o" -mcpu=cortex-a9 -mfpu=neon -mfloat-abi=hard -std=c99 -mvectorize-with-neon-quad -ftree-vectorize -I../../hw_fir_bsp/ps7_cortexa9_0/include -MMD -MP -MF"src/app_template.d" -MT"src/app_template.o" -o "src/app_template.o" "../src/app_template.c"
In file included from ../src/app_template.c:8:
../../hw_fir_bsp/ps7_cortexa9_0/include/xtime_l.h:87:9: note: #pragma message: For the sleep routines, Global timer is being used
 #pragma message ("For the sleep routines, Global timer is being used")
         ^~~~~~~
../src/app_template.c: In function 'main':
../src/app_template.c:105:12: warning: implicit declaration of function 'processImage' [-Wimplicit-function-declaration]
   result = processImage(&test_images[i]);
            ^~~~~~~~~~~~
../src/app_template.c:132:2: warning: implicit declaration of function 'readDATA' [-Wimplicit-function-declaration]
  readDATA(layers[0].bias, layers[0].bias_num);
  ^~~~~~~~
../src/app_template.c:141:3: warning: implicit declaration of function 'readImage' [-Wimplicit-function-declaration]
   readImage(&image, image_size);
   ^~~~~~~~~
../src/app_template.c:124:6: warning: unused variable 'weights2_num' [-Wunused-variable]
  int weights2_num = 320;
      ^~~~~~~~~~~~
../src/app_template.c:123:6: warning: unused variable 'weights_1_num' [-Wunused-variable]
  int weights_1_num = 2048;
      ^~~~~~~~~~~~~
../src/app_template.c:121:6: warning: unused variable 'bias2_num' [-Wunused-variable]
  int bias2_num = 10;
      ^~~~~~~~~
../src/app_template.c:120:6: warning: unused variable 'bias1_num' [-Wunused-variable]
  int bias1_num = 32;
      ^~~~~~~~~
../src/app_template.c: At top level:
../src/app_template.c:151:6: warning: conflicting types for 'readDATA'
 void readDATA(DATA * pBias, int len){
      ^~~~~~~~
../src/app_template.c:132:2: note: previous implicit declaration of 'readDATA' was here
  readDATA(layers[0].bias, layers[0].bias_num);
  ^~~~~~~~
../src/app_template.c:157:6: warning: conflicting types for 'readImage'
 void readImage(DATA * image, int size){
      ^~~~~~~~~
../src/app_template.c:141:3: note: previous implicit declaration of 'readImage' was here
   readImage(&image, image_size);
   ^~~~~~~~~
../src/app_template.c: In function 'resultsProcessing':
../src/app_template.c:235:7: warning: variable 'max_i' set but not used [-Wunused-but-set-variable]
   int max_i;
       ^~~~~
../src/app_template.c:226:8: warning: unused variable 'labels' [-Wunused-variable]
  char *labels[10]={"digit 0", "digit 1", "digit 2", "digit 3", "digit 4", "digit 5", "digit 6", "digit 7", "digit 8", "digit 9"};
        ^~~~~~
'Finished building: ../src/app_template.c'
' '
'Building target: hw_fir.elf'
'Invoking: ARM v7 gcc linker'
arm-none-eabi-gcc -mcpu=cortex-a9 -mfpu=neon -mfloat-abi=hard -std=c99 -mvectorize-with-neon-quad -ftree-vectorize -Wl,-build-id=none -specs=Xilinx.spec -Wl,-T -Wl,../src/lscript.ld -L../../hw_fir_bsp/ps7_cortexa9_0/lib -o "hw_fir.elf"  ./src/app_template.o ./src/platform.o ./src/timer_ps.o   -lm -Wl,--start-group,-lxil,-lgcc,-lc,--end-group
'Finished building target: hw_fir.elf'
' '
'Invoking: ARM v7 Print Size'
arm-none-eabi-size hw_fir.elf  |tee "hw_fir.elf.size"
   text	   data	    bss	    dec	    hex	filename
  36464	 333152	  23688	 393304	  60058	hw_fir.elf
'Finished building: hw_fir.elf.size'
' '
19:30:19 **** Auto Build of configuration Debug for project hw_fir ****
make pre-build main-build 
a9-linaro-pre-build-step
' '
'Building file: ../src/app_template.c'
'Invoking: ARM v7 gcc compiler'
arm-none-eabi-gcc -Wall -O0 -g3 -c -fmessage-length=0 -MT"src/app_template.o" -mcpu=cortex-a9 -mfpu=neon -mfloat-abi=hard -std=c99 -mvectorize-with-neon-quad -ftree-vectorize -I../../hw_fir_bsp/ps7_cortexa9_0/include -MMD -MP -MF"src/app_template.d" -MT"src/app_template.o" -o "src/app_template.o" "../src/app_template.c"
In file included from ../src/app_template.c:8:
../../hw_fir_bsp/ps7_cortexa9_0/include/xtime_l.h:87:9: note: #pragma message: For the sleep routines, Global timer is being used
 #pragma message ("For the sleep routines, Global timer is being used")
         ^~~~~~~
../src/app_template.c: In function 'main':
../src/app_template.c:105:12: warning: implicit declaration of function 'processImage' [-Wimplicit-function-declaration]
   result = processImage(&test_images[i]);
            ^~~~~~~~~~~~
../src/app_template.c:132:2: warning: implicit declaration of function 'readDATA' [-Wimplicit-function-declaration]
  readDATA(layers[0].bias, layers[0].bias_num);
  ^~~~~~~~
../src/app_template.c:141:3: warning: implicit declaration of function 'readImage' [-Wimplicit-function-declaration]
   readImage(&image, image_size);
   ^~~~~~~~~
../src/app_template.c:124:6: warning: unused variable 'weights2_num' [-Wunused-variable]
  int weights2_num = 320;
      ^~~~~~~~~~~~
../src/app_template.c:123:6: warning: unused variable 'weights_1_num' [-Wunused-variable]
  int weights_1_num = 2048;
      ^~~~~~~~~~~~~
../src/app_template.c:121:6: warning: unused variable 'bias2_num' [-Wunused-variable]
  int bias2_num = 10;
      ^~~~~~~~~
../src/app_template.c:120:6: warning: unused variable 'bias1_num' [-Wunused-variable]
  int bias1_num = 32;
      ^~~~~~~~~
../src/app_template.c: At top level:
../src/app_template.c:151:6: warning: conflicting types for 'readDATA'
 void readDATA(DATA * pArray, int len){
      ^~~~~~~~
../src/app_template.c:132:2: note: previous implicit declaration of 'readDATA' was here
  readDATA(layers[0].bias, layers[0].bias_num);
  ^~~~~~~~
../src/app_template.c:157:6: warning: conflicting types for 'readImage'
 void readImage(DATA * image, int size){
      ^~~~~~~~~
../src/app_template.c:141:3: note: previous implicit declaration of 'readImage' was here
   readImage(&image, image_size);
   ^~~~~~~~~
../src/app_template.c: In function 'resultsProcessing':
../src/app_template.c:235:7: warning: variable 'max_i' set but not used [-Wunused-but-set-variable]
   int max_i;
       ^~~~~
../src/app_template.c:226:8: warning: unused variable 'labels' [-Wunused-variable]
  char *labels[10]={"digit 0", "digit 1", "digit 2", "digit 3", "digit 4", "digit 5", "digit 6", "digit 7", "digit 8", "digit 9"};
        ^~~~~~
'Finished building: ../src/app_template.c'
' '
'Building target: hw_fir.elf'
'Invoking: ARM v7 gcc linker'
arm-none-eabi-gcc -mcpu=cortex-a9 -mfpu=neon -mfloat-abi=hard -std=c99 -mvectorize-with-neon-quad -ftree-vectorize -Wl,-build-id=none -specs=Xilinx.spec -Wl,-T -Wl,../src/lscript.ld -L../../hw_fir_bsp/ps7_cortexa9_0/lib -o "hw_fir.elf"  ./src/app_template.o ./src/platform.o ./src/timer_ps.o   -lm -Wl,--start-group,-lxil,-lgcc,-lc,--end-group
'Finished building target: hw_fir.elf'
' '
'Invoking: ARM v7 Print Size'
arm-none-eabi-size hw_fir.elf  |tee "hw_fir.elf.size"
   text	   data	    bss	    dec	    hex	filename
  36464	 333152	  23688	 393304	  60058	hw_fir.elf
'Finished building: hw_fir.elf.size'
' '
19:34:05 **** Auto Build of configuration Debug for project hw_fir ****
make pre-build main-build 
a9-linaro-pre-build-step
' '
'Building file: ../src/app_template.c'
'Invoking: ARM v7 gcc compiler'
arm-none-eabi-gcc -Wall -O0 -g3 -c -fmessage-length=0 -MT"src/app_template.o" -mcpu=cortex-a9 -mfpu=neon -mfloat-abi=hard -std=c99 -mvectorize-with-neon-quad -ftree-vectorize -I../../hw_fir_bsp/ps7_cortexa9_0/include -MMD -MP -MF"src/app_template.d" -MT"src/app_template.o" -o "src/app_template.o" "../src/app_template.c"
In file included from ../src/app_template.c:8:
../../hw_fir_bsp/ps7_cortexa9_0/include/xtime_l.h:87:9: note: #pragma message: For the sleep routines, Global timer is being used
 #pragma message ("For the sleep routines, Global timer is being used")
         ^~~~~~~
../src/app_template.c: In function 'main':
../src/app_template.c:105:12: warning: implicit declaration of function 'processImage' [-Wimplicit-function-declaration]
   result = processImage(&test_images[i]);
            ^~~~~~~~~~~~
../src/app_template.c:122:2: error: 'layers_num' undeclared (first use in this function); did you mean 'layer'?
  layers_num = 3;
  ^~~~~~~~~~
  layer
../src/app_template.c:122:2: note: each undeclared identifier is reported only once for each function it appears in
../src/app_template.c:127:27: error: 'weights_num' undeclared (first use in this function); did you mean 'weights_nums'?
   layers[i].weights_num = weights_num[i];
                           ^~~~~~~~~~~
                           weights_nums
../src/app_template.c:129:3: warning: implicit declaration of function 'readDATA' [-Wimplicit-function-declaration]
   readDATA(layers[0].bias, layers[0].bias_num);
   ^~~~~~~~
../src/app_template.c:140:3: warning: implicit declaration of function 'readImage' [-Wimplicit-function-declaration]
   readImage(&image, image_size);
   ^~~~~~~~~
../src/app_template.c:120:6: warning: unused variable 'weights_nums' [-Wunused-variable]
  int weights_nums[3] = {50176, 2048, 320};
      ^~~~~~~~~~~~
../src/app_template.c: At top level:
../src/app_template.c:150:6: warning: conflicting types for 'readDATA'
 void readDATA(DATA * pArray, int len){
      ^~~~~~~~
../src/app_template.c:129:3: note: previous implicit declaration of 'readDATA' was here
   readDATA(layers[0].bias, layers[0].bias_num);
   ^~~~~~~~
../src/app_template.c:156:6: warning: conflicting types for 'readImage'
 void readImage(DATA * image, int size){
      ^~~~~~~~~
../src/app_template.c:140:3: note: previous implicit declaration of 'readImage' was here
   readImage(&image, image_size);
   ^~~~~~~~~
../src/app_template.c: In function 'resultsProcessing':
../src/app_template.c:234:7: warning: variable 'max_i' set but not used [-Wunused-but-set-variable]
   int max_i;
       ^~~~~
../src/app_template.c:225:8: warning: unused variable 'labels' [-Wunused-variable]
  char *labels[10]={"digit 0", "digit 1", "digit 2", "digit 3", "digit 4", "digit 5", "digit 6", "digit 7", "digit 8", "digit 9"};
        ^~~~~~
make: *** [src/subdir.mk:29: src/app_template.o] Error 1
19:34:16 **** Auto Build of configuration Debug for project hw_fir ****
make pre-build main-build 
a9-linaro-pre-build-step
' '
'Building file: ../src/app_template.c'
'Invoking: ARM v7 gcc compiler'
arm-none-eabi-gcc -Wall -O0 -g3 -c -fmessage-length=0 -MT"src/app_template.o" -mcpu=cortex-a9 -mfpu=neon -mfloat-abi=hard -std=c99 -mvectorize-with-neon-quad -ftree-vectorize -I../../hw_fir_bsp/ps7_cortexa9_0/include -MMD -MP -MF"src/app_template.d" -MT"src/app_template.o" -o "src/app_template.o" "../src/app_template.c"
In file included from ../src/app_template.c:8:
../../hw_fir_bsp/ps7_cortexa9_0/include/xtime_l.h:87:9: note: #pragma message: For the sleep routines, Global timer is being used
 #pragma message ("For the sleep routines, Global timer is being used")
         ^~~~~~~
../src/app_template.c: In function 'main':
../src/app_template.c:105:12: warning: implicit declaration of function 'processImage' [-Wimplicit-function-declaration]
   result = processImage(&test_images[i]);
            ^~~~~~~~~~~~
../src/app_template.c:122:2: error: 'layers_num' undeclared (first use in this function); did you mean 'layer'?
  layers_num = 3;
  ^~~~~~~~~~
  layer
../src/app_template.c:122:2: note: each undeclared identifier is reported only once for each function it appears in
../src/app_template.c:129:3: warning: implicit declaration of function 'readDATA' [-Wimplicit-function-declaration]
   readDATA(layers[0].bias, layers[0].bias_num);
   ^~~~~~~~
../src/app_template.c:140:3: warning: implicit declaration of function 'readImage' [-Wimplicit-function-declaration]
   readImage(&image, image_size);
   ^~~~~~~~~
../src/app_template.c: At top level:
../src/app_template.c:150:6: warning: conflicting types for 'readDATA'
 void readDATA(DATA * pArray, int len){
      ^~~~~~~~
../src/app_template.c:129:3: note: previous implicit declaration of 'readDATA' was here
   readDATA(layers[0].bias, layers[0].bias_num);
   ^~~~~~~~
../src/app_template.c:156:6: warning: conflicting types for 'readImage'
 void readImage(DATA * image, int size){
      ^~~~~~~~~
../src/app_template.c:140:3: note: previous implicit declaration of 'readImage' was here
   readImage(&image, image_size);
   ^~~~~~~~~
../src/app_template.c: In function 'resultsProcessing':
../src/app_template.c:234:7: warning: variable 'max_i' set but not used [-Wunused-but-set-variable]
   int max_i;
       ^~~~~
../src/app_template.c:225:8: warning: unused variable 'labels' [-Wunused-variable]
  char *labels[10]={"digit 0", "digit 1", "digit 2", "digit 3", "digit 4", "digit 5", "digit 6", "digit 7", "digit 8", "digit 9"};
        ^~~~~~
make: *** [src/subdir.mk:29: src/app_template.o] Error 1
19:34:23 **** Auto Build of configuration Debug for project hw_fir ****
make pre-build main-build 
a9-linaro-pre-build-step
' '
'Building file: ../src/app_template.c'
'Invoking: ARM v7 gcc compiler'
arm-none-eabi-gcc -Wall -O0 -g3 -c -fmessage-length=0 -MT"src/app_template.o" -mcpu=cortex-a9 -mfpu=neon -mfloat-abi=hard -std=c99 -mvectorize-with-neon-quad -ftree-vectorize -I../../hw_fir_bsp/ps7_cortexa9_0/include -MMD -MP -MF"src/app_template.d" -MT"src/app_template.o" -o "src/app_template.o" "../src/app_template.c"
In file included from ../src/app_template.c:8:
../../hw_fir_bsp/ps7_cortexa9_0/include/xtime_l.h:87:9: note: #pragma message: For the sleep routines, Global timer is being used
 #pragma message ("For the sleep routines, Global timer is being used")
         ^~~~~~~
../src/app_template.c: In function 'main':
../src/app_template.c:105:12: warning: implicit declaration of function 'processImage' [-Wimplicit-function-declaration]
   result = processImage(&test_images[i]);
            ^~~~~~~~~~~~
../src/app_template.c:129:3: warning: implicit declaration of function 'readDATA' [-Wimplicit-function-declaration]
   readDATA(layers[0].bias, layers[0].bias_num);
   ^~~~~~~~
../src/app_template.c:140:3: warning: implicit declaration of function 'readImage' [-Wimplicit-function-declaration]
   readImage(&image, image_size);
   ^~~~~~~~~
../src/app_template.c: At top level:
../src/app_template.c:150:6: warning: conflicting types for 'readDATA'
 void readDATA(DATA * pArray, int len){
      ^~~~~~~~
../src/app_template.c:129:3: note: previous implicit declaration of 'readDATA' was here
   readDATA(layers[0].bias, layers[0].bias_num);
   ^~~~~~~~
../src/app_template.c:156:6: warning: conflicting types for 'readImage'
 void readImage(DATA * image, int size){
      ^~~~~~~~~
../src/app_template.c:140:3: note: previous implicit declaration of 'readImage' was here
   readImage(&image, image_size);
   ^~~~~~~~~
../src/app_template.c: In function 'resultsProcessing':
../src/app_template.c:234:7: warning: variable 'max_i' set but not used [-Wunused-but-set-variable]
   int max_i;
       ^~~~~
../src/app_template.c:225:8: warning: unused variable 'labels' [-Wunused-variable]
  char *labels[10]={"digit 0", "digit 1", "digit 2", "digit 3", "digit 4", "digit 5", "digit 6", "digit 7", "digit 8", "digit 9"};
        ^~~~~~
'Finished building: ../src/app_template.c'
' '
'Building target: hw_fir.elf'
'Invoking: ARM v7 gcc linker'
arm-none-eabi-gcc -mcpu=cortex-a9 -mfpu=neon -mfloat-abi=hard -std=c99 -mvectorize-with-neon-quad -ftree-vectorize -Wl,-build-id=none -specs=Xilinx.spec -Wl,-T -Wl,../src/lscript.ld -L../../hw_fir_bsp/ps7_cortexa9_0/lib -o "hw_fir.elf"  ./src/app_template.o ./src/platform.o ./src/timer_ps.o   -lm -Wl,--start-group,-lxil,-lgcc,-lc,--end-group
'Finished building target: hw_fir.elf'
' '
'Invoking: ARM v7 Print Size'
arm-none-eabi-size hw_fir.elf  |tee "hw_fir.elf.size"
   text	   data	    bss	    dec	    hex	filename
  36616	 333152	  23688	 393456	  600f0	hw_fir.elf
'Finished building: hw_fir.elf.size'
' '
19:35:05 **** Auto Build of configuration Debug for project hw_fir ****
make pre-build main-build 
a9-linaro-pre-build-step
' '
'Building file: ../src/app_template.c'
'Invoking: ARM v7 gcc compiler'
arm-none-eabi-gcc -Wall -O0 -g3 -c -fmessage-length=0 -MT"src/app_template.o" -mcpu=cortex-a9 -mfpu=neon -mfloat-abi=hard -std=c99 -mvectorize-with-neon-quad -ftree-vectorize -I../../hw_fir_bsp/ps7_cortexa9_0/include -MMD -MP -MF"src/app_template.d" -MT"src/app_template.o" -o "src/app_template.o" "../src/app_template.c"
In file included from ../src/app_template.c:8:
../../hw_fir_bsp/ps7_cortexa9_0/include/xtime_l.h:87:9: note: #pragma message: For the sleep routines, Global timer is being used
 #pragma message ("For the sleep routines, Global timer is being used")
         ^~~~~~~
../src/app_template.c: In function 'main':
../src/app_template.c:105:12: warning: implicit declaration of function 'processImage' [-Wimplicit-function-declaration]
   result = processImage(&test_images[i]);
            ^~~~~~~~~~~~
../src/app_template.c:129:3: warning: implicit declaration of function 'readDATA' [-Wimplicit-function-declaration]
   readDATA(layers[0].bias, layers[0].bias_num);
   ^~~~~~~~
../src/app_template.c:140:3: warning: implicit declaration of function 'readImage' [-Wimplicit-function-declaration]
   readImage(&image, image_size);
   ^~~~~~~~~
../src/app_template.c: At top level:
../src/app_template.c:150:6: warning: conflicting types for 'readDATA'
 void readDATA(DATA * pArray, int len){
      ^~~~~~~~
../src/app_template.c:129:3: note: previous implicit declaration of 'readDATA' was here
   readDATA(layers[0].bias, layers[0].bias_num);
   ^~~~~~~~
../src/app_template.c:156:6: warning: conflicting types for 'readImage'
 void readImage(DATA * image, int size){
      ^~~~~~~~~
../src/app_template.c:140:3: note: previous implicit declaration of 'readImage' was here
   readImage(&image, image_size);
   ^~~~~~~~~
../src/app_template.c: In function 'resultsProcessing':
../src/app_template.c:234:7: warning: variable 'max_i' set but not used [-Wunused-but-set-variable]
   int max_i;
       ^~~~~
../src/app_template.c:225:8: warning: unused variable 'labels' [-Wunused-variable]
  char *labels[10]={"digit 0", "digit 1", "digit 2", "digit 3", "digit 4", "digit 5", "digit 6", "digit 7", "digit 8", "digit 9"};
        ^~~~~~
'Finished building: ../src/app_template.c'
' '
'Building target: hw_fir.elf'
'Invoking: ARM v7 gcc linker'
[...]
  char *labels[10]={"digit 0", "digit 1", "digit 2", "digit 3", "digit 4", "digit 5", "digit 6", "digit 7", "digit 8", "digit 9"};
        ^~~~~~
'Finished building: ../src/app_template.c'
' '
'Building target: hw_fir.elf'
'Invoking: ARM v7 gcc linker'
arm-none-eabi-gcc -mcpu=cortex-a9 -mfpu=neon -mfloat-abi=hard -std=c99 -mvectorize-with-neon-quad -ftree-vectorize -Wl,-build-id=none -specs=Xilinx.spec -Wl,-T -Wl,../src/lscript.ld -L../../hw_fir_bsp/ps7_cortexa9_0/lib -o "hw_fir.elf"  ./src/app_template.o ./src/platform.o ./src/timer_ps.o   -lm -Wl,--start-group,-lxil,-lgcc,-lc,--end-group
'Finished building target: hw_fir.elf'
' '
'Invoking: ARM v7 Print Size'
arm-none-eabi-size hw_fir.elf  |tee "hw_fir.elf.size"
   text	   data	    bss	    dec	    hex	filename
  68644	 334192	 146624	 549460	  86254	hw_fir.elf
'Finished building: hw_fir.elf.size'
' '
14:19:27 **** Incremental Build of configuration Debug for project hw_fir ****
make pre-build main-build 
a9-linaro-pre-build-step
' '
make: Nothing to be done for 'main-build'.
14:20:16 **** Auto Build of configuration Debug for project hw_fir ****
make pre-build main-build 
a9-linaro-pre-build-step
' '
'Building file: ../src/app_template.c'
'Invoking: ARM v7 gcc compiler'
arm-none-eabi-gcc -Wall -O0 -g3 -c -fmessage-length=0 -MT"src/app_template.o" -mcpu=cortex-a9 -mfpu=neon -mfloat-abi=hard -std=c99 -mvectorize-with-neon-quad -ftree-vectorize -I../../hw_fir_bsp/ps7_cortexa9_0/include -MMD -MP -MF"src/app_template.d" -MT"src/app_template.o" -o "src/app_template.o" "../src/app_template.c"
In file included from ../src/app_template.c:8:
../../hw_fir_bsp/ps7_cortexa9_0/include/xtime_l.h:87:9: note: #pragma message: For the sleep routines, Global timer is being used
 #pragma message ("For the sleep routines, Global timer is being used")
         ^~~~~~~
../src/app_template.c: In function 'main':
../src/app_template.c:108:2: warning: implicit declaration of function 'runTest' [-Wimplicit-function-declaration]
  runTest(); // Runs the DNN with the values from weights.h
  ^~~~~~~
../src/app_template.c:169:26: warning: initialization of 'DATA *' {aka 'short int *'} from incompatible pointer type 'DATA (*)[64]' {aka 'short int (*)[64]'} [-Wincompatible-pointer-types]
  DATA* gemm_biases[3] = {&gemm0_bias, &gemm1_bias, &gemm2_bias};
                          ^
../src/app_template.c:169:26: note: (near initialization for 'gemm_biases[0]')
../src/app_template.c:169:39: warning: initialization of 'DATA *' {aka 'short int *'} from incompatible pointer type 'DATA (*)[32]' {aka 'short int (*)[32]'} [-Wincompatible-pointer-types]
  DATA* gemm_biases[3] = {&gemm0_bias, &gemm1_bias, &gemm2_bias};
                                       ^
../src/app_template.c:169:39: note: (near initialization for 'gemm_biases[1]')
../src/app_template.c:169:52: warning: initialization of 'DATA *' {aka 'short int *'} from incompatible pointer type 'DATA (*)[10]' {aka 'short int (*)[10]'} [-Wincompatible-pointer-types]
  DATA* gemm_biases[3] = {&gemm0_bias, &gemm1_bias, &gemm2_bias};
                                                    ^
../src/app_template.c:169:52: note: (near initialization for 'gemm_biases[2]')
../src/app_template.c:170:27: warning: initialization of 'DATA *' {aka 'short int *'} from incompatible pointer type 'DATA (*)[50176]' {aka 'short int (*)[50176]'} [-Wincompatible-pointer-types]
  DATA* gemm_weights[3] = {&gemm0_weights, &gemm1_weights, &gemm2_weights};
                           ^
../src/app_template.c:170:27: note: (near initialization for 'gemm_weights[0]')
../src/app_template.c:170:43: warning: initialization of 'DATA *' {aka 'short int *'} from incompatible pointer type 'DATA (*)[2048]' {aka 'short int (*)[2048]'} [-Wincompatible-pointer-types]
  DATA* gemm_weights[3] = {&gemm0_weights, &gemm1_weights, &gemm2_weights};
                                           ^
../src/app_template.c:170:43: note: (near initialization for 'gemm_weights[1]')
../src/app_template.c:170:59: warning: initialization of 'DATA *' {aka 'short int *'} from incompatible pointer type 'DATA (*)[320]' {aka 'short int (*)[320]'} [-Wincompatible-pointer-types]
  DATA* gemm_weights[3] = {&gemm0_weights, &gemm1_weights, &gemm2_weights};
                                                           ^
../src/app_template.c:170:59: note: (near initialization for 'gemm_weights[2]')
../src/app_template.c:188:16: warning: assignment to 'DATA *' {aka 'short int *'} from incompatible pointer type 'DATA (*)[784]' {aka 'short int (*)[784]'} [-Wincompatible-pointer-types]
   DNN[0].input = &test_images[i];
                ^
../src/app_template.c:189:12: warning: implicit declaration of function 'processImage' [-Wimplicit-function-declaration]
   result = processImage(DNN, layers_num);
            ^~~~~~~~~~~~
../src/app_template.c:204:8: error: expected '=', ',', ';', 'asm' or '__attribute__' before '-' token
  int t1-1 = 0;
        ^
../src/app_template.c:204:11: error: lvalue required as left operand of assignment
  int t1-1 = 0;
           ^
../src/app_template.c:224:10: warning: implicit declaration of function 'readImage' [-Wimplicit-function-declaration]
   t1-1 = readImage(DNN[0].input, input_image_size);
          ^~~~~~~~~
../src/app_template.c:224:8: error: lvalue required as left operand of assignment
   t1-1 = readImage(DNN[0].input, input_image_size);
        ^
../src/app_template.c:217:7: warning: unused variable 'image' [-Wunused-variable]
  DATA image[28*28] = {0};
       ^~~~~
../src/app_template.c: At top level:
../src/app_template.c:281:6: warning: conflicting types for 'runTest'
 void runTest(){
      ^~~~~~~
../src/app_template.c:108:2: note: previous implicit declaration of 'runTest' was here
  runTest(); // Runs the DNN with the values from weights.h
  ^~~~~~~
../src/app_template.c: In function 'runTest':
../src/app_template.c:286:12: warning: implicit declaration of function 'processTestImage'; did you mean 'processImage'? [-Wimplicit-function-declaration]
   result = processTestImage(&test_images[i]);
            ^~~~~~~~~~~~~~~~
            processImage
../src/app_template.c: In function 'resultsProcessing':
../src/app_template.c:371:7: warning: variable 'max_i' set but not used [-Wunused-but-set-variable]
   int max_i;
       ^~~~~
../src/app_template.c:362:8: warning: unused variable 'labels' [-Wunused-variable]
  char *labels[10]={"digit 0", "digit 1", "digit 2", "digit 3", "digit 4", "digit 5", "digit 6", "digit 7", "digit 8", "digit 9"};
        ^~~~~~
make: *** [src/subdir.mk:29: src/app_template.o] Error 1
14:20:37 **** Auto Build of configuration Debug for project hw_fir ****
make pre-build main-build 
a9-linaro-pre-build-step
' '
'Building file: ../src/app_template.c'
'Invoking: ARM v7 gcc compiler'
arm-none-eabi-gcc -Wall -O0 -g3 -c -fmessage-length=0 -MT"src/app_template.o" -mcpu=cortex-a9 -mfpu=neon -mfloat-abi=hard -std=c99 -mvectorize-with-neon-quad -ftree-vectorize -I../../hw_fir_bsp/ps7_cortexa9_0/include -MMD -MP -MF"src/app_template.d" -MT"src/app_template.o" -o "src/app_template.o" "../src/app_template.c"
In file included from ../src/app_template.c:8:
../../hw_fir_bsp/ps7_cortexa9_0/include/xtime_l.h:87:9: note: #pragma message: For the sleep routines, Global timer is being used
 #pragma message ("For the sleep routines, Global timer is being used")
         ^~~~~~~
../src/app_template.c: In function 'main':
../src/app_template.c:108:2: warning: implicit declaration of function 'runTest' [-Wimplicit-function-declaration]
  runTest(); // Runs the DNN with the values from weights.h
  ^~~~~~~
../src/app_template.c:169:26: warning: initialization of 'DATA *' {aka 'short int *'} from incompatible pointer type 'DATA (*)[64]' {aka 'short int (*)[64]'} [-Wincompatible-pointer-types]
  DATA* gemm_biases[3] = {&gemm0_bias, &gemm1_bias, &gemm2_bias};
                          ^
../src/app_template.c:169:26: note: (near initialization for 'gemm_biases[0]')
../src/app_template.c:169:39: warning: initialization of 'DATA *' {aka 'short int *'} from incompatible pointer type 'DATA (*)[32]' {aka 'short int (*)[32]'} [-Wincompatible-pointer-types]
  DATA* gemm_biases[3] = {&gemm0_bias, &gemm1_bias, &gemm2_bias};
                                       ^
../src/app_template.c:169:39: note: (near initialization for 'gemm_biases[1]')
../src/app_template.c:169:52: warning: initialization of 'DATA *' {aka 'short int *'} from incompatible pointer type 'DATA (*)[10]' {aka 'short int (*)[10]'} [-Wincompatible-pointer-types]
  DATA* gemm_biases[3] = {&gemm0_bias, &gemm1_bias, &gemm2_bias};
                                                    ^
../src/app_template.c:169:52: note: (near initialization for 'gemm_biases[2]')
../src/app_template.c:170:27: warning: initialization of 'DATA *' {aka 'short int *'} from incompatible pointer type 'DATA (*)[50176]' {aka 'short int (*)[50176]'} [-Wincompatible-pointer-types]
  DATA* gemm_weights[3] = {&gemm0_weights, &gemm1_weights, &gemm2_weights};
                           ^
../src/app_template.c:170:27: note: (near initialization for 'gemm_weights[0]')
../src/app_template.c:170:43: warning: initialization of 'DATA *' {aka 'short int *'} from incompatible pointer type 'DATA (*)[2048]' {aka 'short int (*)[2048]'} [-Wincompatible-pointer-types]
  DATA* gemm_weights[3] = {&gemm0_weights, &gemm1_weights, &gemm2_weights};
                                           ^
../src/app_template.c:170:43: note: (near initialization for 'gemm_weights[1]')
../src/app_template.c:170:59: warning: initialization of 'DATA *' {aka 'short int *'} from incompatible pointer type 'DATA (*)[320]' {aka 'short int (*)[320]'} [-Wincompatible-pointer-types]
  DATA* gemm_weights[3] = {&gemm0_weights, &gemm1_weights, &gemm2_weights};
                                                           ^
../src/app_template.c:170:59: note: (near initialization for 'gemm_weights[2]')
../src/app_template.c:188:16: warning: assignment to 'DATA *' {aka 'short int *'} from incompatible pointer type 'DATA (*)[784]' {aka 'short int (*)[784]'} [-Wincompatible-pointer-types]
   DNN[0].input = &test_images[i];
                ^
../src/app_template.c:189:12: warning: implicit declaration of function 'processImage' [-Wimplicit-function-declaration]
   result = processImage(DNN, layers_num);
            ^~~~~~~~~~~~
../src/app_template.c:224:10: warning: implicit declaration of function 'readImage' [-Wimplicit-function-declaration]
   t1_1 = readImage(DNN[0].input, input_image_size);
          ^~~~~~~~~
../src/app_template.c:217:7: warning: unused variable 'image' [-Wunused-variable]
  DATA image[28*28] = {0};
       ^~~~~
../src/app_template.c:204:6: warning: variable 't1_1' set but not used [-Wunused-but-set-variable]
  int t1_1 = 0;
      ^~~~
../src/app_template.c: At top level:
../src/app_template.c:281:6: warning: conflicting types for 'runTest'
 void runTest(){
      ^~~~~~~
../src/app_template.c:108:2: note: previous implicit declaration of 'runTest' was here
  runTest(); // Runs the DNN with the values from weights.h
  ^~~~~~~
../src/app_template.c: In function 'runTest':
../src/app_template.c:286:12: warning: implicit declaration of function 'processTestImage'; did you mean 'processImage'? [-Wimplicit-function-declaration]
   result = processTestImage(&test_images[i]);
            ^~~~~~~~~~~~~~~~
            processImage
../src/app_template.c: In function 'resultsProcessing':
../src/app_template.c:371:7: warning: variable 'max_i' set but not used [-Wunused-but-set-variable]
   int max_i;
       ^~~~~
../src/app_template.c:362:8: warning: unused variable 'labels' [-Wunused-variable]
  char *labels[10]={"digit 0", "digit 1", "digit 2", "digit 3", "digit 4", "digit 5", "digit 6", "digit 7", "digit 8", "digit 9"};
        ^~~~~~
'Finished building: ../src/app_template.c'
' '
'Building target: hw_fir.elf'
'Invoking: ARM v7 gcc linker'
arm-none-eabi-gcc -mcpu=cortex-a9 -mfpu=neon -mfloat-abi=hard -std=c99 -mvectorize-with-neon-quad -ftree-vectorize -Wl,-build-id=none -specs=Xilinx.spec -Wl,-T -Wl,../src/lscript.ld -L../../hw_fir_bsp/ps7_cortexa9_0/lib -o "hw_fir.elf"  ./src/app_template.o ./src/platform.o ./src/timer_ps.o   -lm -Wl,--start-group,-lxil,-lgcc,-lc,--end-group
'Finished building target: hw_fir.elf'
' '
'Invoking: ARM v7 Print Size'
arm-none-eabi-size hw_fir.elf  |tee "hw_fir.elf.size"
   text	   data	    bss	    dec	    hex	filename
  68708	 334192	 146624	 549524	  86294	hw_fir.elf
'Finished building: hw_fir.elf.size'
' '
14:20:53 **** Incremental Build of configuration Debug for project hw_fir ****
make pre-build main-build 
a9-linaro-pre-build-step
' '
make: Nothing to be done for 'main-build'.
14:24:28 **** Incremental Build of configuration Debug for project hw_fir ****
make pre-build main-build 
a9-linaro-pre-build-step
' '
make: Nothing to be done for 'main-build'.
14:24:44 **** Incremental Build of configuration Debug for project hw_fir ****
make pre-build main-build 
a9-linaro-pre-build-step
' '
make: Nothing to be done for 'main-build'.
14:24:51 **** Incremental Build of configuration Debug for project hw_fir ****
make pre-build main-build 
a9-linaro-pre-build-step
' '
make: Nothing to be done for 'main-build'.
14:25:07 **** Incremental Build of configuration Debug for project hw_fir ****
make pre-build main-build 
a9-linaro-pre-build-step
' '
make: Nothing to be done for 'main-build'.
14:28:18 **** Auto Build of configuration Debug for project hw_fir ****
make pre-build main-build 
a9-linaro-pre-build-step
' '
'Building file: ../src/app_template.c'
'Invoking: ARM v7 gcc compiler'
arm-none-eabi-gcc -Wall -O0 -g3 -c -fmessage-length=0 -MT"src/app_template.o" -mcpu=cortex-a9 -mfpu=neon -mfloat-abi=hard -std=c99 -mvectorize-with-neon-quad -ftree-vectorize -I../../hw_fir_bsp/ps7_cortexa9_0/include -MMD -MP -MF"src/app_template.d" -MT"src/app_template.o" -o "src/app_template.o" "../src/app_template.c"
In file included from ../src/app_template.c:8:
../../hw_fir_bsp/ps7_cortexa9_0/include/xtime_l.h:87:9: note: #pragma message: For the sleep routines, Global timer is being used
 #pragma message ("For the sleep routines, Global timer is being used")
         ^~~~~~~
../src/app_template.c: In function 'main':
../src/app_template.c:108:2: warning: implicit declaration of function 'runTest' [-Wimplicit-function-declaration]
  runTest(); // Runs the DNN with the values from weights.h
  ^~~~~~~
../src/app_template.c:169:26: warning: initialization of 'DATA *' {aka 'short int *'} from incompatible pointer type 'DATA (*)[64]' {aka 'short int (*)[64]'} [-Wincompatible-pointer-types]
  DATA* gemm_biases[3] = {&gemm0_bias, &gemm1_bias, &gemm2_bias};
                          ^
../src/app_template.c:169:26: note: (near initialization for 'gemm_biases[0]')
../src/app_template.c:169:39: warning: initialization of 'DATA *' {aka 'short int *'} from incompatible pointer type 'DATA (*)[32]' {aka 'short int (*)[32]'} [-Wincompatible-pointer-types]
  DATA* gemm_biases[3] = {&gemm0_bias, &gemm1_bias, &gemm2_bias};
                                       ^
../src/app_template.c:169:39: note: (near initialization for 'gemm_biases[1]')
../src/app_template.c:169:52: warning: initialization of 'DATA *' {aka 'short int *'} from incompatible pointer type 'DATA (*)[10]' {aka 'short int (*)[10]'} [-Wincompatible-pointer-types]
  DATA* gemm_biases[3] = {&gemm0_bias, &gemm1_bias, &gemm2_bias};
                                                    ^
../src/app_template.c:169:52: note: (near initialization for 'gemm_biases[2]')
../src/app_template.c:170:27: warning: initialization of 'DATA *' {aka 'short int *'} from incompatible pointer type 'DATA (*)[50176]' {aka 'short int (*)[50176]'} [-Wincompatible-pointer-types]
  DATA* gemm_weights[3] = {&gemm0_weights, &gemm1_weights, &gemm2_weights};
                           ^
../src/app_template.c:170:27: note: (near initialization for 'gemm_weights[0]')
../src/app_template.c:170:43: warning: initialization of 'DATA *' {aka 'short int *'} from incompatible pointer type 'DATA (*)[2048]' {aka 'short int (*)[2048]'} [-Wincompatible-pointer-types]
  DATA* gemm_weights[3] = {&gemm0_weights, &gemm1_weights, &gemm2_weights};
                                           ^
../src/app_template.c:170:43: note: (near initialization for 'gemm_weights[1]')
../src/app_template.c:170:59: warning: initialization of 'DATA *' {aka 'short int *'} from incompatible pointer type 'DATA (*)[320]' {aka 'short int (*)[320]'} [-Wincompatible-pointer-types]
  DATA* gemm_weights[3] = {&gemm0_weights, &gemm1_weights, &gemm2_weights};
                                                           ^
../src/app_template.c:170:59: note: (near initialization for 'gemm_weights[2]')
../src/app_template.c:188:16: warning: assignment to 'DATA *' {aka 'short int *'} from incompatible pointer type 'DATA (*)[784]' {aka 'short int (*)[784]'} [-Wincompatible-pointer-types]
   DNN[0].input = &test_images[i];
                ^
../src/app_template.c:189:12: warning: implicit declaration of function 'processImage' [-Wimplicit-function-declaration]
   result = processImage(DNN, layers_num);
            ^~~~~~~~~~~~
../src/app_template.c:223:3: warning: implicit declaration of function 'readImage' [-Wimplicit-function-declaration]
   readImage(DNN[0].input, input_image_size);
   ^~~~~~~~~
../src/app_template.c:216:7: warning: unused variable 'image' [-Wunused-variable]
  DATA image[28*28] = {0};
       ^~~~~
../src/app_template.c: At top level:
../src/app_template.c:259:6: warning: conflicting types for 'readImage'
 void readImage(DATA * image, int size){
      ^~~~~~~~~
../src/app_template.c:223:3: note: previous implicit declaration of 'readImage' was here
   readImage(DNN[0].input, input_image_size);
   ^~~~~~~~~
../src/app_template.c:277:6: warning: conflicting types for 'runTest'
 void runTest(){
      ^~~~~~~
../src/app_template.c:108:2: note: previous implicit declaration of 'runTest' was here
  runTest(); // Runs the DNN with the values from weights.h
  ^~~~~~~
../src/app_template.c: In function 'runTest':
../src/app_template.c:282:12: warning: implicit declaration of function 'processTestImage'; did you mean 'processImage'? [-Wimplicit-function-declaration]
   result = processTestImage(&test_images[i]);
            ^~~~~~~~~~~~~~~~
            processImage
../src/app_template.c: In function 'resultsProcessing':
../src/app_template.c:367:7: warning: variable 'max_i' set but not used [-Wunused-but-set-variable]
   int max_i;
       ^~~~~
../src/app_template.c:358:8: warning: unused variable 'labels' [-Wunused-variable]
  char *labels[10]={"digit 0", "digit 1", "digit 2", "digit 3", "digit 4", "digit 5", "digit 6", "digit 7", "digit 8", "digit 9"};
        ^~~~~~
'Finished building: ../src/app_template.c'
' '
'Building target: hw_fir.elf'
'Invoking: ARM v7 gcc linker'
arm-none-eabi-gcc -mcpu=cortex-a9 -mfpu=neon -mfloat-abi=hard -std=c99 -mvectorize-with-neon-quad -ftree-vectorize -Wl,-build-id=none -specs=Xilinx.spec -Wl,-T -Wl,../src/lscript.ld -L../../hw_fir_bsp/ps7_cortexa9_0/lib -o "hw_fir.elf"  ./src/app_template.o ./src/platform.o ./src/timer_ps.o   -lm -Wl,--start-group,-lxil,-lgcc,-lc,--end-group
'Finished building target: hw_fir.elf'
' '
'Invoking: ARM v7 Print Size'
arm-none-eabi-size hw_fir.elf  |tee "hw_fir.elf.size"
   text	   data	    bss	    dec	    hex	filename
  68644	 334192	 146624	 549460	  86254	hw_fir.elf
'Finished building: hw_fir.elf.size'
' '
15:10:08 **** Incremental Build of configuration Debug for project hw_fir ****
make pre-build main-build 
a9-linaro-pre-build-step
' '
make: Nothing to be done for 'main-build'.
15:10:49 **** Incremental Build of configuration Debug for project hw_fir ****
make pre-build main-build 
a9-linaro-pre-build-step
' '
make: Nothing to be done for 'main-build'.
15:11:10 **** Incremental Build of configuration Debug for project hw_fir ****
make pre-build main-build 
a9-linaro-pre-build-step
' '
make: Nothing to be done for 'main-build'.
